[  0%] Building CXX object CMakeFiles/timer_registry_test.dir/timer_registry_test.cpp.o
[  0%] Building CXX object CMakeFiles/scroll_motion_test.dir/scroll_motion_test.cpp.o
[  0%] Building CXX object CMakeFiles/frame_clock_test.dir/frame_clock_test.cpp.o
[  0%] Generating bindings
Built-in type config: float_64
[  0%] Linking CXX executable scroll_motion_test
[  0%] Built target scroll_motion_test
[  0%] Building CXX object CMakeFiles/performance_metrics_test.dir/performance_metrics_test.cpp.o
[  0%] Linking CXX executable frame_clock_test
[  1%] Linking CXX executable timer_registry_test
[  1%] Built target frame_clock_test
[  1%] Built target timer_registry_test
[  1%] Building CXX object CMakeFiles/affine_transform_test.dir/affine_transform_test.cpp.o
[  1%] Building CXX object CMakeFiles/http_core_test.dir/http_core_test.cpp.o
[  1%] Built target generate_bindings
[  1%] Building CXX object CMakeFiles/image_core_test.dir/image_core_test.cpp.o
[  2%] Linking CXX executable performance_metrics_test
[  2%] Built target performance_metrics_test
[  2%] Building CXX object CMakeFiles/image_effects_test.dir/image_effects_test.cpp.o
[  2%] Linking CXX executable affine_transform_test
[  2%] Built target affine_transform_test
[  2%] Building CXX object CMakeFiles/image_cache_test.dir/image_cache_test.cpp.o
[  2%] Linking CXX executable image_effects_test
[  2%] Linking CXX executable image_core_test
[  2%] Linking CXX executable http_core_test
[  2%] Built target image_effects_test
[  2%] Built target http_core_test
[  2%] Built target image_core_test
[  2%] Building CXX object CMakeFiles/accessibility_core_test.dir/accessibility_core_test.cpp.o
[  2%] Building CXX object CMakeFiles/websocket_core_test.dir/websocket_core_test.cpp.o
[  2%] Building CXX object CMakeFiles/websocket_handshake_test.dir/websocket_handshake_test.cpp.o
[  3%] Linking CXX executable image_cache_test
[  3%] Built target image_cache_test
[  3%] Building CXX object CMakeFiles/device_services_core_test.dir/device_services_core_test.cpp.o
[  3%] Linking CXX executable websocket_handshake_test
[  3%] Built target websocket_handshake_test
[  4%] Building CXX object CMakeFiles/accessibility_info_core_test.dir/accessibility_info_core_test.cpp.o
[  4%] Linking CXX executable websocket_core_test
[  4%] Built target websocket_core_test
[  4%] Building CXX object CMakeFiles/accessibility_announcement_core_test.dir/accessibility_announcement_core_test.cpp.o
[  4%] Linking CXX executable accessibility_core_test
[  4%] Built target accessibility_core_test
[  5%] Linking CXX executable device_services_core_test
[  6%] Building C object wslay/CMakeFiles/wslay.dir/wslay_event.c.o
[  6%] Built target device_services_core_test
[  6%] Building C object wslay/CMakeFiles/wslay.dir/wslay_frame.c.o
[  6%] Building C object wslay/CMakeFiles/wslay.dir/wslay_net.c.o
[  6%] Building C object wslay/CMakeFiles/wslay.dir/wslay_queue.c.o
[  7%] Linking C static library libwslay.a
[  7%] Built target wslay
[  7%] Linking CXX executable accessibility_info_core_test
[  7%] Built target accessibility_info_core_test
{"command":"capture","format":"godot-fabric.experimental-native-sdk-inputs/v1","target":{"platform":"macos","architecture":"arm64","configuration":"Release","minimumOS":"13.0"},"adapterLinked":false,"adapterLoaded":false,"runtimeExecuted":false,"runtimeIdentityVerified":false,"abiCertified":false}
[  7%] Built target fabric_sdk_capture
[  7%] Building CXX object godot-cpp/CMakeFiles/godot-cpp.dir/src/classes/editor_plugin_registration.cpp.o
[  7%] Building CXX object godot-cpp/CMakeFiles/godot-cpp.dir/src/classes/low_level.cpp.o
[  7%] Building CXX object CMakeFiles/fabric_core.dir{WORKTREE}/.deps/package/ReactCommon/jsi/jsi/jsi.cpp.o
[  7%] Building CXX object godot-cpp/CMakeFiles/godot-cpp.dir/src/classes/wrapped.cpp.o
[  7%] Building CXX object godot-cpp/CMakeFiles/godot-cpp.dir/src/core/class_db.cpp.o
[  7%] Linking CXX executable accessibility_announcement_core_test
[  7%] Built target accessibility_announcement_core_test
[  7%] Building CXX object CMakeFiles/fabric_core.dir{WORKTREE}/.deps/package/ReactCommon/jsi/jsi/JSIDynamic.cpp.o
[  7%] Building CXX object CMakeFiles/fabric_core.dir{WORKTREE}/.deps/package/ReactCommon/react/runtime/TimerManager.cpp.o
[  8%] Building CXX object CMakeFiles/fabric_core.dir{WORKTREE}/.deps/package/ReactCommon/runtimeexecutor/platform/cxx/ReactCommon/RuntimeExecutorSyncUIThreadUtils.cpp.o
[  9%] Building CXX object godot-cpp/CMakeFiles/godot-cpp.dir/src/core/error_macros.cpp.o
[  9%] Building CXX object godot-cpp/CMakeFiles/godot-cpp.dir/src/core/memory.cpp.o
[  9%] Building CXX object godot-cpp/CMakeFiles/godot-cpp.dir/src/core/method_bind.cpp.o
[  9%] Building CXX object CMakeFiles/fabric_core.dir{WORKTREE}/.deps/package/ReactCommon/react/debug/react_native_assert.cpp.o
[  9%] Building CXX object godot-cpp/CMakeFiles/godot-cpp.dir/src/core/object.cpp.o
[ 10%] Building CXX object godot-cpp/CMakeFiles/godot-cpp.dir/src/core/print_string.cpp.o
[ 10%] Building CXX object godot-cpp/CMakeFiles/godot-cpp.dir/src/godot.cpp.o
[ 10%] Building CXX object CMakeFiles/fabric_core.dir{WORKTREE}/.deps/package/ReactCommon/react/featureflags/ReactNativeFeatureFlags.cpp.o
[ 10%] Building CXX object CMakeFiles/fabric_core.dir{WORKTREE}/.deps/package/ReactCommon/react/featureflags/ReactNativeFeatureFlagsAccessor.cpp.o
[ 10%] Building CXX object CMakeFiles/fabric_core.dir{WORKTREE}/.deps/package/ReactCommon/react/utils/RunLoopObserver.cpp.o
[ 10%] Building CXX object godot-cpp/CMakeFiles/godot-cpp.dir/src/variant/aabb.cpp.o
[ 10%] Building CXX object godot-cpp/CMakeFiles/godot-cpp.dir/src/variant/basis.cpp.o
[ 10%] Building CXX object godot-cpp/CMakeFiles/godot-cpp.dir/src/variant/callable_custom.cpp.o
[ 11%] Building CXX object CMakeFiles/fabric_core.dir{WORKTREE}/.deps/package/ReactCommon/react/utils/Uuid.cpp.o
[ 11%] Building CXX object CMakeFiles/fabric_core.dir{WORKTREE}/.deps/package/ReactCommon/react/utils/jsi-utils.cpp.o
[ 11%] Building CXX object CMakeFiles/fabric_core.dir{WORKTREE}/.deps/package/ReactCommon/react/renderer/core/ComponentDescriptor.cpp.o
[ 12%] Building CXX object godot-cpp/CMakeFiles/godot-cpp.dir/src/variant/callable_method_pointer.cpp.o
[ 12%] Building CXX object CMakeFiles/fabric_core.dir{WORKTREE}/.deps/package/ReactCommon/react/renderer/core/DynamicEventPayload.cpp.o
[ 13%] Building CXX object CMakeFiles/fabric_core.dir{WORKTREE}/.deps/package/ReactCommon/react/renderer/core/DynamicPointerEvent.cpp.o
[ 13%] Building CXX object godot-cpp/CMakeFiles/godot-cpp.dir/src/variant/char_string.cpp.o
[ 13%] Building CXX object godot-cpp/CMakeFiles/godot-cpp.dir/src/variant/color.cpp.o
[ 13%] Building CXX object CMakeFiles/fabric_core.dir{WORKTREE}/.deps/package/ReactCommon/react/renderer/core/DynamicPropsUtilities.cpp.o
[ 13%] Building CXX object godot-cpp/CMakeFiles/godot-cpp.dir/src/variant/packed_arrays.cpp.o
[ 14%] Building CXX object godot-cpp/CMakeFiles/godot-cpp.dir/src/variant/plane.cpp.o
[ 14%] Building CXX object godot-cpp/CMakeFiles/godot-cpp.dir/src/variant/projection.cpp.o
[ 14%] Building CXX object CMakeFiles/fabric_core.dir{WORKTREE}/.deps/package/ReactCommon/react/renderer/core/EventBeat.cpp.o
[ 14%] Building CXX object godot-cpp/CMakeFiles/godot-cpp.dir/src/variant/quaternion.cpp.o
[ 14%] Building CXX object godot-cpp/CMakeFiles/godot-cpp.dir/src/variant/rect2.cpp.o
[ 14%] Building CXX object godot-cpp/CMakeFiles/godot-cpp.dir/src/variant/rect2i.cpp.o
[ 15%] Building CXX object godot-cpp/CMakeFiles/godot-cpp.dir/src/variant/transform2d.cpp.o
[ 15%] Building CXX object godot-cpp/CMakeFiles/godot-cpp.dir/src/variant/transform3d.cpp.o
[ 15%] Building CXX object godot-cpp/CMakeFiles/godot-cpp.dir/src/variant/variant.cpp.o
[ 15%] Building CXX object godot-cpp/CMakeFiles/godot-cpp.dir/src/variant/variant_internal.cpp.o
[ 16%] Building CXX object godot-cpp/CMakeFiles/godot-cpp.dir/src/variant/vector2.cpp.o
[ 16%] Building CXX object godot-cpp/CMakeFiles/godot-cpp.dir/src/variant/vector2i.cpp.o
[ 16%] Building CXX object CMakeFiles/fabric_core.dir{WORKTREE}/.deps/package/ReactCommon/react/renderer/core/EventDispatcher.cpp.o
[ 16%] Building CXX object godot-cpp/CMakeFiles/godot-cpp.dir/src/variant/vector3.cpp.o
[ 16%] Building CXX object CMakeFiles/fabric_core.dir{WORKTREE}/.deps/package/ReactCommon/react/renderer/core/EventEmitter.cpp.o
[ 16%] Building CXX object godot-cpp/CMakeFiles/godot-cpp.dir/src/variant/vector3i.cpp.o
[ 16%] Building CXX object godot-cpp/CMakeFiles/godot-cpp.dir/src/variant/vector4.cpp.o
[ 17%] Building CXX object CMakeFiles/fabric_core.dir{WORKTREE}/.deps/package/ReactCommon/react/renderer/core/EventListener.cpp.o
[ 18%] Building CXX object godot-cpp/CMakeFiles/godot-cpp.dir/src/variant/vector4i.cpp.o
[ 18%] Building CXX object godot-cpp/CMakeFiles/godot-cpp.dir/gen/src/variant/string.cpp.o
[ 18%] Building CXX object CMakeFiles/fabric_core.dir{WORKTREE}/.deps/package/ReactCommon/react/renderer/core/EventQueue.cpp.o
[ 18%] Building CXX object CMakeFiles/fabric_core.dir{WORKTREE}/.deps/package/ReactCommon/react/renderer/core/EventQueueProcessor.cpp.o
[ 18%] Building CXX object godot-cpp/CMakeFiles/godot-cpp.dir/gen/src/variant/string_name.cpp.o
[ 18%] Building CXX object CMakeFiles/fabric_core.dir{WORKTREE}/.deps/package/ReactCommon/react/renderer/core/EventTarget.cpp.o
[ 18%] Building CXX object godot-cpp/CMakeFiles/godot-cpp.dir/gen/src/variant/node_path.cpp.o
[ 19%] Building CXX object CMakeFiles/fabric_core.dir{WORKTREE}/.deps/package/ReactCommon/react/renderer/core/InstanceHandle.cpp.o
[ 19%] Building CXX object CMakeFiles/fabric_core.dir{WORKTREE}/.deps/package/ReactCommon/react/renderer/core/LayoutConstraints.cpp.o
[ 20%] Building CXX object godot-cpp/CMakeFiles/godot-cpp.dir/gen/src/variant/rid.cpp.o
[ 20%] Building CXX object CMakeFiles/fabric_core.dir{WORKTREE}/.deps/package/ReactCommon/react/renderer/core/LayoutMetrics.cpp.o
[ 20%] Building CXX object godot-cpp/CMakeFiles/godot-cpp.dir/gen/src/variant/callable.cpp.o
[ 20%] Building CXX object CMakeFiles/fabric_core.dir{WORKTREE}/.deps/package/ReactCommon/react/renderer/core/LayoutableShadowNode.cpp.o
[ 20%] Building CXX object CMakeFiles/fabric_core.dir{WORKTREE}/.deps/package/ReactCommon/react/renderer/core/Props.cpp.o
[ 21%] Building CXX object CMakeFiles/fabric_core.dir{WORKTREE}/.deps/package/ReactCommon/react/renderer/core/RawEvent.cpp.o
[ 21%] Building CXX object godot-cpp/CMakeFiles/godot-cpp.dir/gen/src/variant/signal.cpp.o
[ 21%] Building CXX object godot-cpp/CMakeFiles/godot-cpp.dir/gen/src/variant/dictionary.cpp.o
[ 21%] Building CXX object CMakeFiles/fabric_core.dir{WORKTREE}/.deps/package/ReactCommon/react/renderer/core/RawProps.cpp.o
[ 21%] Building CXX object godot-cpp/CMakeFiles/godot-cpp.dir/gen/src/variant/array.cpp.o
[ 21%] Building CXX object CMakeFiles/fabric_core.dir{WORKTREE}/.deps/package/ReactCommon/react/renderer/core/RawPropsKeyMap.cpp.o
[ 22%] Building CXX object godot-cpp/CMakeFiles/godot-cpp.dir/gen/src/variant/packed_byte_array.cpp.o
[ 22%] Building CXX object CMakeFiles/fabric_core.dir{WORKTREE}/.deps/package/ReactCommon/react/renderer/core/RawPropsParser.cpp.o
[ 22%] Building CXX object godot-cpp/CMakeFiles/godot-cpp.dir/gen/src/variant/packed_int32_array.cpp.o
[ 23%] Building CXX object CMakeFiles/fabric_core.dir{WORKTREE}/.deps/package/ReactCommon/react/renderer/core/RawValue.cpp.o
[ 23%] Building CXX object CMakeFiles/fabric_core.dir{WORKTREE}/.deps/package/ReactCommon/react/renderer/core/ReactRootViewTagGenerator.cpp.o
[ 23%] Building CXX object godot-cpp/CMakeFiles/godot-cpp.dir/gen/src/variant/packed_int64_array.cpp.o
[ 23%] Building CXX object CMakeFiles/fabric_core.dir{WORKTREE}/.deps/package/ReactCommon/react/renderer/core/Sealable.cpp.o
[ 23%] Building CXX object CMakeFiles/fabric_core.dir{WORKTREE}/.deps/package/ReactCommon/react/renderer/core/ShadowNode.cpp.o
[ 23%] Building CXX object godot-cpp/CMakeFiles/godot-cpp.dir/gen/src/variant/packed_float32_array.cpp.o
[ 24%] Building CXX object godot-cpp/CMakeFiles/godot-cpp.dir/gen/src/variant/packed_float64_array.cpp.o
[ 24%] Building CXX object CMakeFiles/fabric_core.dir{WORKTREE}/.deps/package/ReactCommon/react/renderer/core/ShadowNodeFamily.cpp.o
[ 24%] Building CXX object godot-cpp/CMakeFiles/godot-cpp.dir/gen/src/variant/packed_string_array.cpp.o
[ 24%] Building CXX object godot-cpp/CMakeFiles/godot-cpp.dir/gen/src/variant/packed_vector2_array.cpp.o
[ 24%] Building CXX object godot-cpp/CMakeFiles/godot-cpp.dir/gen/src/variant/packed_vector3_array.cpp.o
[ 25%] Building CXX object CMakeFiles/fabric_core.dir{WORKTREE}/.deps/package/ReactCommon/react/renderer/core/ShadowNodeFragment.cpp.o
[ 25%] Building CXX object godot-cpp/CMakeFiles/godot-cpp.dir/gen/src/variant/packed_color_array.cpp.o
[ 25%] Building CXX object CMakeFiles/fabric_core.dir{WORKTREE}/.deps/package/ReactCommon/react/renderer/core/ShadowNodeTraits.cpp.o
[ 25%] Building CXX object CMakeFiles/fabric_core.dir{WORKTREE}/.deps/package/ReactCommon/react/renderer/core/State.cpp.o
[ 26%] Building CXX object godot-cpp/CMakeFiles/godot-cpp.dir/gen/src/variant/packed_vector4_array.cpp.o
[ 26%] Building CXX object godot-cpp/CMakeFiles/godot-cpp.dir/gen/src/classes/base_button.cpp.o
[ 26%] Building CXX object godot-cpp/CMakeFiles/godot-cpp.dir/gen/src/classes/button.cpp.o
[ 26%] Building CXX object CMakeFiles/fabric_core.dir{WORKTREE}/.deps/package/ReactCommon/react/renderer/core/StateUpdate.cpp.o
[ 26%] Building CXX object godot-cpp/CMakeFiles/godot-cpp.dir/gen/src/classes/canvas_item.cpp.o
[ 27%] Building CXX object godot-cpp/CMakeFiles/godot-cpp.dir/gen/src/classes/class_db_singleton.cpp.o
[ 28%] Building CXX object CMakeFiles/fabric_core.dir{WORKTREE}/.deps/package/ReactCommon/react/renderer/core/ValueFactoryEventPayload.cpp.o
[ 28%] Building CXX object CMakeFiles/fabric_core.dir{WORKTREE}/.deps/package/ReactCommon/react/renderer/components/view/AccessibilityProps.cpp.o
[ 28%] Building CXX object CMakeFiles/fabric_core.dir{WORKTREE}/.deps/package/ReactCommon/react/renderer/components/view/BackgroundImagePropsConversions.cpp.o
[ 28%] Building CXX object godot-cpp/CMakeFiles/godot-cpp.dir/gen/src/classes/container.cpp.o
[ 28%] Building CXX object godot-cpp/CMakeFiles/godot-cpp.dir/gen/src/classes/control.cpp.o
[ 28%] Building CXX object godot-cpp/CMakeFiles/godot-cpp.dir/gen/src/classes/crypto.cpp.o
[ 28%] Building CXX object CMakeFiles/fabric_core.dir{WORKTREE}/.deps/package/ReactCommon/react/renderer/components/view/BaseTouch.cpp.o
[ 28%] Building CXX object godot-cpp/CMakeFiles/godot-cpp.dir/gen/src/classes/editor_plugin.cpp.o
[ 28%] Building CXX object CMakeFiles/fabric_core.dir{WORKTREE}/.deps/package/ReactCommon/react/renderer/components/view/BaseViewEventEmitter.cpp.o
[ 29%] Building CXX object godot-cpp/CMakeFiles/godot-cpp.dir/gen/src/classes/engine.cpp.o
[ 30%] Building CXX object CMakeFiles/fabric_core.dir{WORKTREE}/.deps/package/ReactCommon/react/renderer/components/view/BaseViewProps.cpp.o
[ 30%] Building CXX object godot-cpp/CMakeFiles/godot-cpp.dir/gen/src/classes/file_access.cpp.o
[ 30%] Building CXX object CMakeFiles/fabric_core.dir{WORKTREE}/.deps/package/ReactCommon/react/renderer/components/view/PointerEvent.cpp.o
[ 30%] Building CXX object godot-cpp/CMakeFiles/godot-cpp.dir/gen/src/classes/font.cpp.o
[ 30%] Building CXX object CMakeFiles/fabric_core.dir{WORKTREE}/.deps/package/ReactCommon/react/renderer/components/view/TouchEvent.cpp.o
[ 30%] Building CXX object godot-cpp/CMakeFiles/godot-cpp.dir/gen/src/classes/font_file.cpp.o
[ 30%] Building CXX object CMakeFiles/fabric_core.dir{WORKTREE}/.deps/package/ReactCommon/react/renderer/components/view/TouchEventEmitter.cpp.o
[ 31%] Building CXX object godot-cpp/CMakeFiles/godot-cpp.dir/gen/src/classes/font_variation.cpp.o
[ 31%] Building CXX object godot-cpp/CMakeFiles/godot-cpp.dir/gen/src/classes/http_client.cpp.o
[ 31%] Building CXX object godot-cpp/CMakeFiles/godot-cpp.dir/gen/src/classes/hashing_context.cpp.o
[ 31%] Building CXX object godot-cpp/CMakeFiles/godot-cpp.dir/gen/src/classes/ip.cpp.o
[ 32%] Building CXX object CMakeFiles/fabric_core.dir{WORKTREE}/.deps/package/ReactCommon/react/renderer/components/view/ViewShadowNode.cpp.o
[ 32%] Building CXX object godot-cpp/CMakeFiles/godot-cpp.dir/gen/src/classes/image.cpp.o
[ 33%] Building CXX object godot-cpp/CMakeFiles/godot-cpp.dir/gen/src/classes/image_texture.cpp.o
[ 33%] Building CXX object CMakeFiles/fabric_core.dir{WORKTREE}/.deps/package/ReactCommon/react/renderer/components/view/YogaLayoutableShadowNode.cpp.o
[ 33%] Building CXX object godot-cpp/CMakeFiles/godot-cpp.dir/gen/src/classes/input_event.cpp.o
[ 33%] Building CXX object godot-cpp/CMakeFiles/godot-cpp.dir/gen/src/classes/input_event_from_window.cpp.o
[ 33%] Building CXX object godot-cpp/CMakeFiles/godot-cpp.dir/gen/src/classes/input_event_key.cpp.o
[ 34%] Building CXX object godot-cpp/CMakeFiles/godot-cpp.dir/gen/src/classes/input_event_mouse.cpp.o
[ 34%] Building CXX object godot-cpp/CMakeFiles/godot-cpp.dir/gen/src/classes/input_event_mouse_button.cpp.o
[ 34%] Building CXX object godot-cpp/CMakeFiles/godot-cpp.dir/gen/src/classes/input_event_mouse_motion.cpp.o
[ 34%] Building CXX object godot-cpp/CMakeFiles/godot-cpp.dir/gen/src/classes/input_event_screen_drag.cpp.o
[ 34%] Building CXX object godot-cpp/CMakeFiles/godot-cpp.dir/gen/src/classes/input_event_screen_touch.cpp.o
[ 34%] Building CXX object CMakeFiles/fabric_core.dir{WORKTREE}/.deps/package/ReactCommon/react/renderer/components/view/YogaStylableProps.cpp.o
[ 35%] Building CXX object godot-cpp/CMakeFiles/godot-cpp.dir/gen/src/classes/input_event_with_modifiers.cpp.o
[ 35%] Building CXX object CMakeFiles/fabric_core.dir{WORKTREE}/.deps/package/ReactCommon/react/renderer/components/root/RootProps.cpp.o
[ 35%] Building CXX object godot-cpp/CMakeFiles/godot-cpp.dir/gen/src/classes/json.cpp.o
[ 35%] Building CXX object CMakeFiles/fabric_core.dir{WORKTREE}/.deps/package/ReactCommon/react/renderer/components/root/RootShadowNode.cpp.o
[ 35%] Building CXX object godot-cpp/CMakeFiles/godot-cpp.dir/gen/src/classes/label.cpp.o
[ 35%] Building CXX object godot-cpp/CMakeFiles/godot-cpp.dir/gen/src/classes/line_edit.cpp.o
[ 36%] Building CXX object godot-cpp/CMakeFiles/godot-cpp.dir/gen/src/classes/main_loop.cpp.o
[ 37%] Building CXX object CMakeFiles/fabric_core.dir{WORKTREE}/.deps/package/ReactCommon/react/renderer/components/scrollview/BaseScrollViewProps.cpp.o
[ 37%] Building CXX object CMakeFiles/fabric_core.dir{WORKTREE}/.deps/package/ReactCommon/react/renderer/components/scrollview/ScrollEvent.cpp.o
[ 37%] Building CXX object godot-cpp/CMakeFiles/godot-cpp.dir/gen/src/classes/node.cpp.o
[ 37%] Building CXX object godot-cpp/CMakeFiles/godot-cpp.dir/gen/src/classes/os.cpp.o
[ 37%] Building CXX object godot-cpp/CMakeFiles/godot-cpp.dir/gen/src/classes/object.cpp.o
[ 37%] Building CXX object CMakeFiles/fabric_core.dir{WORKTREE}/.deps/package/ReactCommon/react/renderer/components/scrollview/ScrollViewEventEmitter.cpp.o
[ 37%] Building CXX object CMakeFiles/fabric_core.dir{WORKTREE}/.deps/package/ReactCommon/react/renderer/components/scrollview/ScrollViewShadowNode.cpp.o
[ 37%] Building CXX object godot-cpp/CMakeFiles/godot-cpp.dir/gen/src/classes/panel.cpp.o
[ 38%] Building CXX object CMakeFiles/fabric_core.dir{WORKTREE}/.deps/package/ReactCommon/react/renderer/components/scrollview/ScrollViewState.cpp.o
[ 39%] Building CXX object godot-cpp/CMakeFiles/godot-cpp.dir/gen/src/classes/project_settings.cpp.o
[ 39%] Building CXX object CMakeFiles/fabric_core.dir{WORKTREE}/.deps/package/ReactCommon/react/renderer/components/text/BaseParagraphProps.cpp.o
[ 39%] Building CXX object CMakeFiles/fabric_core.dir{WORKTREE}/.deps/package/ReactCommon/react/renderer/components/text/BaseTextProps.cpp.o
[ 39%] Building CXX object godot-cpp/CMakeFiles/godot-cpp.dir/gen/src/classes/ref_counted.cpp.o
[ 39%] Building CXX object CMakeFiles/fabric_core.dir{WORKTREE}/.deps/package/ReactCommon/react/renderer/components/text/BaseTextShadowNode.cpp.o
[ 39%] Building CXX object godot-cpp/CMakeFiles/godot-cpp.dir/gen/src/classes/rendering_server.cpp.o
[ 39%] Building CXX object CMakeFiles/fabric_core.dir{WORKTREE}/.deps/package/ReactCommon/react/renderer/components/text/ParagraphEventEmitter.cpp.o
[ 39%] Building CXX object godot-cpp/CMakeFiles/godot-cpp.dir/gen/src/classes/resource.cpp.o
[ 40%] Building CXX object CMakeFiles/fabric_core.dir{WORKTREE}/.deps/package/ReactCommon/react/renderer/components/text/ParagraphShadowNode.cpp.o
[ 41%] Building CXX object godot-cpp/CMakeFiles/godot-cpp.dir/gen/src/classes/resource_loader.cpp.o
[ 41%] Building CXX object CMakeFiles/fabric_core.dir{WORKTREE}/.deps/package/ReactCommon/react/renderer/components/text/RawTextProps.cpp.o
[ 41%] Building CXX object CMakeFiles/fabric_core.dir{WORKTREE}/.deps/package/ReactCommon/react/renderer/components/text/RawTextShadowNode.cpp.o
[ 41%] Building CXX object godot-cpp/CMakeFiles/godot-cpp.dir/gen/src/classes/scene_tree.cpp.o
[ 41%] Building CXX object godot-cpp/CMakeFiles/godot-cpp.dir/gen/src/classes/scroll_container.cpp.o
[ 41%] Building CXX object godot-cpp/CMakeFiles/godot-cpp.dir/gen/src/classes/semaphore.cpp.o
[ 41%] Building CXX object CMakeFiles/fabric_core.dir{WORKTREE}/.deps/package/ReactCommon/react/renderer/components/text/TextEffectProps.cpp.o
[ 41%] Building CXX object godot-cpp/CMakeFiles/godot-cpp.dir/gen/src/classes/stream_peer.cpp.o
[ 42%] Building CXX object CMakeFiles/fabric_core.dir{WORKTREE}/.deps/package/ReactCommon/react/renderer/components/text/TextEffectShadowNode.cpp.o
[ 43%] Building CXX object godot-cpp/CMakeFiles/godot-cpp.dir/gen/src/classes/stream_peer_tcp.cpp.o
[ 43%] Building CXX object godot-cpp/CMakeFiles/godot-cpp.dir/gen/src/classes/stream_peer_tls.cpp.o
[ 43%] Building CXX object godot-cpp/CMakeFiles/godot-cpp.dir/gen/src/classes/style_box.cpp.o
[ 43%] Building CXX object godot-cpp/CMakeFiles/godot-cpp.dir/gen/src/classes/style_box_empty.cpp.o
[ 43%] Building CXX object CMakeFiles/fabric_core.dir{WORKTREE}/.deps/package/ReactCommon/react/renderer/components/text/TextProps.cpp.o
[ 43%] Building CXX object CMakeFiles/fabric_core.dir{WORKTREE}/.deps/package/ReactCommon/react/renderer/components/text/TextShadowNode.cpp.o
[ 44%] Building CXX object godot-cpp/CMakeFiles/godot-cpp.dir/gen/src/classes/style_box_flat.cpp.o
[ 44%] Building CXX object CMakeFiles/fabric_core.dir{WORKTREE}/.deps/package/ReactCommon/react/renderer/textlayoutmanager/TextMeasureCache.cpp.o
[ 44%] Building CXX object godot-cpp/CMakeFiles/godot-cpp.dir/gen/src/classes/tls_options.cpp.o
[ 44%] Building CXX object CMakeFiles/fabric_core.dir{WORKTREE}/.deps/package/ReactCommon/react/renderer/componentregistry/ComponentDescriptorProviderRegistry.cpp.o
[ 44%] Building CXX object godot-cpp/CMakeFiles/godot-cpp.dir/gen/src/classes/text_paragraph.cpp.o
[ 45%] Building CXX object CMakeFiles/fabric_core.dir{WORKTREE}/.deps/package/ReactCommon/react/renderer/componentregistry/ComponentDescriptorRegistry.cpp.o
[ 45%] Building CXX object CMakeFiles/fabric_core.dir{WORKTREE}/.deps/package/ReactCommon/react/renderer/componentregistry/componentNameByReactViewName.cpp.o
[ 45%] Building CXX object godot-cpp/CMakeFiles/godot-cpp.dir/gen/src/classes/text_server.cpp.o
[ 45%] Building CXX object CMakeFiles/fabric_core.dir{WORKTREE}/.deps/package/ReactCommon/react/renderer/components/legacyviewmanagerinterop/LegacyViewManagerInteropShadowNode.cpp.o
[ 45%] Building CXX object CMakeFiles/fabric_core.dir{WORKTREE}/.deps/package/ReactCommon/react/renderer/components/legacyviewmanagerinterop/LegacyViewManagerInteropViewProps.cpp.o
[ 46%] Building CXX object CMakeFiles/fabric_core.dir{WORKTREE}/.deps/package/ReactCommon/react/renderer/components/legacyviewmanagerinterop/UnstableLegacyViewManagerAutomaticComponentDescriptor.cpp.o
[ 46%] Building CXX object godot-cpp/CMakeFiles/godot-cpp.dir/gen/src/classes/text_server_manager.cpp.o
[ 46%] Building CXX object CMakeFiles/fabric_core.dir{WORKTREE}/.deps/package/ReactCommon/react/renderer/components/legacyviewmanagerinterop/UnstableLegacyViewManagerAutomaticShadowNode.cpp.o
[ 46%] Building CXX object CMakeFiles/fabric_core.dir{WORKTREE}/.deps/package/ReactCommon/react/renderer/components/image/ImageComponentDescriptor.cpp.o
[ 47%] Building CXX object godot-cpp/CMakeFiles/godot-cpp.dir/gen/src/classes/texture.cpp.o
[ 47%] Building CXX object CMakeFiles/fabric_core.dir{WORKTREE}/.deps/package/ReactCommon/react/renderer/components/image/ImageEventEmitter.cpp.o
[ 47%] Building CXX object godot-cpp/CMakeFiles/godot-cpp.dir/gen/src/classes/texture2d.cpp.o
[ 47%] Building CXX object CMakeFiles/fabric_core.dir{WORKTREE}/.deps/package/ReactCommon/react/renderer/components/image/ImageProps.cpp.o
[ 47%] Building CXX object godot-cpp/CMakeFiles/godot-cpp.dir/gen/src/classes/theme_db.cpp.o
[ 48%] Building CXX object CMakeFiles/fabric_core.dir{WORKTREE}/.deps/package/ReactCommon/react/renderer/components/image/ImageShadowNode.cpp.o
[ 48%] Building CXX object godot-cpp/CMakeFiles/godot-cpp.dir/gen/src/classes/viewport.cpp.o
[ 49%] Building CXX object godot-cpp/CMakeFiles/godot-cpp.dir/gen/src/classes/window.cpp.o
[ 49%] Building CXX object CMakeFiles/fabric_core.dir{WORKTREE}/.deps/package/ReactCommon/react/renderer/components/image/ImageState.cpp.o
[ 49%] Building CXX object godot-cpp/CMakeFiles/godot-cpp.dir/gen/src/classes/worker_thread_pool.cpp.o
[ 49%] Building CXX object CMakeFiles/fabric_core.dir{WORKTREE}/.deps/package/ReactCommon/react/renderer/imagemanager/ImageRequest.cpp.o
[ 49%] Building CXX object CMakeFiles/fabric_core.dir{WORKTREE}/.deps/package/ReactCommon/react/renderer/imagemanager/ImageResponse.cpp.o
[ 49%] Building CXX object godot-cpp/CMakeFiles/godot-cpp.dir/gen/src/classes/x509_certificate.cpp.o
[ 50%] Building CXX object CMakeFiles/fabric_core.dir{WORKTREE}/.deps/package/ReactCommon/react/renderer/imagemanager/ImageResponseObserverCoordinator.cpp.o
[ 50%] Building CXX object CMakeFiles/fabric_core.dir{WORKTREE}/.deps/package/ReactCommon/react/renderer/imagemanager/ImageTelemetry.cpp.o
[ 50%] Building CXX object godot-cpp/CMakeFiles/godot-cpp.dir/gen/src/classes/xml_parser.cpp.o
[ 50%] Building CXX object CMakeFiles/fabric_core.dir{WORKTREE}/.deps/package/ReactCommon/react/renderer/graphics/BackgroundImage.cpp.o
[ 50%] Building CXX object CMakeFiles/fabric_core.dir{WORKTREE}/.deps/package/ReactCommon/react/renderer/graphics/Color.cpp.o
[ 50%] Building CXX object godot-cpp/CMakeFiles/godot-cpp.dir/gen/src/variant/utility_functions.cpp.o
[ 50%] Building CXX object CMakeFiles/fabric_core.dir{WORKTREE}/.deps/package/ReactCommon/react/renderer/graphics/ColorComponents.cpp.o
[ 51%] Building CXX object CMakeFiles/fabric_core.dir{WORKTREE}/.deps/package/ReactCommon/react/renderer/graphics/ColorStop.cpp.o
[ 51%] Building CXX object CMakeFiles/fabric_core.dir{WORKTREE}/.deps/package/ReactCommon/react/renderer/graphics/LinearGradient.cpp.o
[ 51%] Building CXX object CMakeFiles/fabric_core.dir{WORKTREE}/.deps/package/ReactCommon/react/renderer/graphics/RadialGradient.cpp.o
[ 52%] Linking CXX static library ../bin/libgodot-cpp.macos.template_release.arm64.a
[ 52%] Building CXX object CMakeFiles/fabric_core.dir{WORKTREE}/.deps/package/ReactCommon/react/renderer/graphics/Transform.cpp.o
[ 53%] Built target godot-cpp
[ 54%] Building CXX object CMakeFiles/fabric_core.dir{WORKTREE}/.deps/package/ReactCommon/react/renderer/graphics/ValueUnit.cpp.o
[ 54%] Building CXX object CMakeFiles/fabric_core.dir{WORKTREE}/.deps/package/ReactCommon/react/renderer/debug/DebugStringConvertible.cpp.o
[ 54%] Building CXX object CMakeFiles/fabric_core.dir{WORKTREE}/.deps/package/ReactCommon/react/renderer/debug/DebugStringConvertibleItem.cpp.o
[ 54%] Building CXX object CMakeFiles/fabric_core.dir{WORKTREE}/.deps/package/ReactCommon/react/renderer/mapbuffer/MapBuffer.cpp.o
[ 54%] Building CXX object CMakeFiles/fabric_core.dir{WORKTREE}/.deps/package/ReactCommon/react/renderer/mapbuffer/MapBufferBuilder.cpp.o
[ 55%] Building CXX object CMakeFiles/fabric_core.dir{WORKTREE}/.deps/package/ReactCommon/react/renderer/telemetry/SurfaceTelemetry.cpp.o
[ 55%] Building CXX object CMakeFiles/fabric_core.dir{WORKTREE}/.deps/package/ReactCommon/react/renderer/telemetry/TransactionTelemetry.cpp.o
[ 55%] Building CXX object CMakeFiles/fabric_core.dir{WORKTREE}/.deps/package/ReactCommon/react/renderer/mounting/Differentiator.cpp.o
[ 55%] Building CXX object CMakeFiles/fabric_core.dir{WORKTREE}/.deps/package/ReactCommon/react/renderer/mounting/MountingCoordinator.cpp.o
[ 56%] Building CXX object CMakeFiles/fabric_core.dir{WORKTREE}/.deps/package/ReactCommon/react/renderer/mounting/MountingTransaction.cpp.o
[ 56%] Building CXX object CMakeFiles/fabric_core.dir{WORKTREE}/.deps/package/ReactCommon/react/renderer/mounting/ShadowTree.cpp.o
[ 56%] Building CXX object CMakeFiles/fabric_core.dir{WORKTREE}/.deps/package/ReactCommon/react/renderer/mounting/ShadowTreeRegistry.cpp.o
[ 56%] Building CXX object CMakeFiles/fabric_core.dir{WORKTREE}/.deps/package/ReactCommon/react/renderer/mounting/ShadowTreeRevision.cpp.o
[ 56%] Building CXX object CMakeFiles/fabric_core.dir{WORKTREE}/.deps/package/ReactCommon/react/renderer/mounting/ShadowView.cpp.o
[ 57%] Building CXX object CMakeFiles/fabric_core.dir{WORKTREE}/.deps/package/ReactCommon/react/renderer/mounting/ShadowViewMutation.cpp.o
[ 57%] Building CXX object CMakeFiles/fabric_core.dir{WORKTREE}/.deps/package/ReactCommon/react/renderer/mounting/TelemetryController.cpp.o
[ 57%] Building CXX object CMakeFiles/fabric_core.dir{WORKTREE}/.deps/package/ReactCommon/react/renderer/mounting/updateMountedFlag.cpp.o
[ 57%] Building CXX object CMakeFiles/fabric_core.dir{WORKTREE}/.deps/package/ReactCommon/react/renderer/uimanager/AppRegistryBinding.cpp.o
[ 58%] Building CXX object CMakeFiles/fabric_core.dir{WORKTREE}/.deps/package/ReactCommon/react/renderer/uimanager/PointerHoverTracker.cpp.o
[ 58%] Building CXX object CMakeFiles/fabric_core.dir{WORKTREE}/.deps/package/ReactCommon/react/renderer/uimanager/UIManager.cpp.o
[ 58%] Building CXX object CMakeFiles/fabric_core.dir{WORKTREE}/.deps/package/ReactCommon/react/renderer/uimanager/UIManagerUpdateShadowTree.cpp.o
[ 58%] Building CXX object CMakeFiles/fabric_core.dir{WORKTREE}/.deps/package/ReactCommon/react/nativemodule/core/ReactCommon/CxxTurboModuleUtils.cpp.o
[ 58%] Building CXX object CMakeFiles/fabric_core.dir{WORKTREE}/.deps/package/ReactCommon/react/nativemodule/core/ReactCommon/TurboModule.cpp.o
[ 59%] Building CXX object CMakeFiles/fabric_core.dir{WORKTREE}/.deps/package/ReactCommon/react/nativemodule/core/ReactCommon/TurboModuleBinding.cpp.o
[ 59%] Building CXX object CMakeFiles/fabric_core.dir{WORKTREE}/.deps/package/ReactCommon/react/nativemodule/core/ReactCommon/TurboModulePerfLogger.cpp.o
[ 59%] Building CXX object CMakeFiles/fabric_core.dir{WORKTREE}/.deps/package/ReactCommon/react/nativemodule/core/ReactCommon/TurboModuleUtils.cpp.o
[ 59%] Building CXX object CMakeFiles/fabric_core.dir{WORKTREE}/.deps/package/ReactCommon/react/nativemodule/core/ReactCommon/TurboModuleWithJSIBindings.cpp.o
[ 60%] Building CXX object CMakeFiles/fabric_core.dir{WORKTREE}/.deps/package/ReactCommon/react/nativemodule/dom/NativeDOM.cpp.o
[ 60%] Building CXX object CMakeFiles/fabric_core.dir{WORKTREE}/.deps/package/ReactCommon/react/nativemodule/featureflags/NativeReactNativeFeatureFlags.cpp.o
[ 60%] Building CXX object CMakeFiles/fabric_core.dir{WORKTREE}/.deps/package/ReactCommon/react/bridging/LongLivedObject.cpp.o
[ 60%] Building CXX object CMakeFiles/fabric_core.dir{WORKTREE}/.deps/package/ReactCommon/react/renderer/uimanager/consistency/LazyShadowTreeRevisionConsistencyManager.cpp.o
[ 60%] Building CXX object CMakeFiles/fabric_core.dir{WORKTREE}/.deps/package/ReactCommon/react/renderer/consistency/ShadowTreeRevisionConsistencyManager.cpp.o
[ 61%] Building CXX object CMakeFiles/fabric_core.dir{WORKTREE}/.deps/package/ReactCommon/react/renderer/dom/DOM.cpp.o
[ 61%] Building CXX object CMakeFiles/fabric_core.dir{WORKTREE}/.deps/package/ReactCommon/react/renderer/leakchecker/LeakChecker.cpp.o
[ 61%] Building CXX object CMakeFiles/fabric_core.dir{WORKTREE}/.deps/package/ReactCommon/react/renderer/leakchecker/WeakFamilyRegistry.cpp.o
[ 61%] Building CXX object CMakeFiles/fabric_core.dir{WORKTREE}/.deps/package/ReactCommon/react/renderer/runtimescheduler/RuntimeScheduler.cpp.o
[ 62%] Building CXX object CMakeFiles/fabric_core.dir{WORKTREE}/.deps/package/ReactCommon/react/renderer/runtimescheduler/RuntimeSchedulerBinding.cpp.o
[ 62%] Building CXX object CMakeFiles/fabric_core.dir{WORKTREE}/.deps/package/ReactCommon/react/renderer/runtimescheduler/RuntimeSchedulerCallInvoker.cpp.o
[ 62%] Building CXX object CMakeFiles/fabric_core.dir{WORKTREE}/.deps/package/ReactCommon/react/renderer/runtimescheduler/RuntimeScheduler_Modern.cpp.o
[ 62%] Building CXX object CMakeFiles/fabric_core.dir{WORKTREE}/.deps/package/ReactCommon/react/renderer/runtimescheduler/Task.cpp.o
[ 62%] Building CXX object CMakeFiles/fabric_core.dir{WORKTREE}/.deps/package/ReactCommon/react/renderer/animationbackend/AnimatedPropSerializer.cpp.o
[ 63%] Building CXX object CMakeFiles/fabric_core.dir{WORKTREE}/.deps/package/ReactCommon/react/renderer/animationbackend/AnimatedPropsRegistry.cpp.o
[ 63%] Building CXX object CMakeFiles/fabric_core.dir{WORKTREE}/.deps/package/ReactCommon/react/renderer/animationbackend/AnimationBackend.cpp.o
[ 63%] Building CXX object CMakeFiles/fabric_core.dir{WORKTREE}/.deps/package/ReactCommon/react/renderer/animationbackend/AnimationBackendCommitHook.cpp.o
[ 63%] Building CXX object CMakeFiles/fabric_core.dir{WORKTREE}/.deps/package/ReactCommon/react/renderer/attributedstring/AttributedString.cpp.o
[ 64%] Building CXX object CMakeFiles/fabric_core.dir{WORKTREE}/.deps/package/ReactCommon/react/renderer/attributedstring/AttributedStringBox.cpp.o
[ 64%] Building CXX object CMakeFiles/fabric_core.dir{WORKTREE}/.deps/package/ReactCommon/react/renderer/attributedstring/ParagraphAttributes.cpp.o
[ 64%] Building CXX object CMakeFiles/fabric_core.dir{WORKTREE}/.deps/package/ReactCommon/react/renderer/attributedstring/TextAttributes.cpp.o
[ 64%] Building CXX object CMakeFiles/fabric_core.dir{WORKTREE}/.deps/package/ReactCommon/react/renderer/observers/events/EventPerformanceLogger.cpp.o
[ 64%] Building CXX object CMakeFiles/fabric_core.dir{WORKTREE}/.deps/package/ReactCommon/react/renderer/viewtransition/ViewTransitionModule.cpp.o
[ 65%] Building CXX object CMakeFiles/fabric_core.dir{WORKTREE}/.deps/package/ReactCommon/react/performance/timeline/PerformanceEntryCircularBuffer.cpp.o
[ 65%] Building CXX object CMakeFiles/fabric_core.dir{WORKTREE}/.deps/package/ReactCommon/react/performance/timeline/PerformanceEntryKeyedBuffer.cpp.o
[ 65%] Building CXX object CMakeFiles/fabric_core.dir{WORKTREE}/.deps/package/ReactCommon/react/performance/timeline/PerformanceEntryReporter.cpp.o
[ 65%] Building CXX object CMakeFiles/fabric_core.dir{WORKTREE}/.deps/package/ReactCommon/react/performance/timeline/PerformanceObserver.cpp.o
[ 66%] Building CXX object CMakeFiles/fabric_core.dir{WORKTREE}/.deps/package/ReactCommon/react/performance/timeline/PerformanceObserverRegistry.cpp.o
[ 66%] Building CXX object CMakeFiles/fabric_core.dir{WORKTREE}/.deps/package/ReactCommon/react/performance/cdpmetrics/CdpInteractionTypes.cpp.o
[ 66%] Building CXX object CMakeFiles/fabric_core.dir{WORKTREE}/.deps/package/ReactCommon/react/performance/cdpmetrics/CdpMetricsReporter.cpp.o
[ 66%] Building CXX object CMakeFiles/fabric_core.dir{WORKTREE}/.deps/package/ReactCommon/react/performance/cdpmetrics/CdpPerfIssuesReporter.cpp.o
[ 66%] Building CXX object CMakeFiles/fabric_core.dir{WORKTREE}/.deps/package/ReactCommon/jsinspector-modern/tracing/ConsoleTimeStamp.cpp.o
[ 67%] Building CXX object CMakeFiles/fabric_core.dir{WORKTREE}/.deps/package/ReactCommon/jsinspector-modern/tracing/EventLoopReporter.cpp.o
[ 67%] Building CXX object CMakeFiles/fabric_core.dir{WORKTREE}/.deps/package/ReactCommon/jsinspector-modern/tracing/HostTracingProfileSerializer.cpp.o
[ 67%] Building CXX object CMakeFiles/fabric_core.dir{WORKTREE}/.deps/package/ReactCommon/jsinspector-modern/tracing/PerformanceTracer.cpp.o
[ 67%] Building CXX object CMakeFiles/fabric_core.dir{WORKTREE}/.deps/package/ReactCommon/jsinspector-modern/tracing/RuntimeSamplingProfileTraceEventSerializer.cpp.o
[ 68%] Building CXX object CMakeFiles/fabric_core.dir{WORKTREE}/.deps/package/ReactCommon/jsinspector-modern/tracing/TraceEventGenerator.cpp.o
[ 68%] Building CXX object CMakeFiles/fabric_core.dir{WORKTREE}/.deps/package/ReactCommon/jsinspector-modern/tracing/TraceEventSerializer.cpp.o
[ 68%] Building CXX object CMakeFiles/fabric_core.dir{WORKTREE}/.deps/package/ReactCommon/reactperflogger/reactperflogger/BridgeNativeModulePerfLogger.cpp.o
[ 68%] Building CXX object CMakeFiles/fabric_core.dir{WORKTREE}/.deps/package/ReactCommon/reactperflogger/reactperflogger/FuseboxPerfettoDataSource.cpp.o
[ 68%] Building CXX object CMakeFiles/fabric_core.dir{WORKTREE}/.deps/package/ReactCommon/reactperflogger/reactperflogger/HermesPerfettoDataSource.cpp.o
[ 69%] Building CXX object CMakeFiles/fabric_core.dir{WORKTREE}/.deps/package/ReactCommon/reactperflogger/reactperflogger/ReactPerfetto.cpp.o
[ 69%] Building CXX object CMakeFiles/fabric_core.dir{WORKTREE}/.deps/package/ReactCommon/reactperflogger/reactperflogger/ReactPerfettoCategories.cpp.o
[ 69%] Building CXX object CMakeFiles/fabric_core.dir{WORKTREE}/.deps/package/ReactCommon/reactperflogger/reactperflogger/ReactPerfettoLogger.cpp.o
[ 70%] Building CXX object CMakeFiles/fabric_core.dir{WORKTREE}/.deps/package/ReactCommon/jserrorhandler/JsErrorHandler.cpp.o
[ 70%] Building CXX object CMakeFiles/fabric_core.dir{WORKTREE}/.deps/package/ReactCommon/jserrorhandler/ErrorUtils.cpp.o
[ 70%] Building CXX object CMakeFiles/fabric_core.dir{WORKTREE}/.deps/package/ReactCommon/jserrorhandler/StackTraceParser.cpp.o
[ 70%] Building CXX object CMakeFiles/fabric_core.dir{WORKTREE}/.deps/package/ReactCommon/logger/react_native_log.cpp.o
[ 70%] Building CXX object CMakeFiles/fabric_core.dir{WORKTREE}/.deps/package/ReactCommon/oscompat/OSCompatPosix.cpp.o
[ 70%] Building CXX object CMakeFiles/fabric_core.dir{WORKTREE}/.deps/package/ReactCommon/oscompat/OSCompatWindows.cpp.o
[ 71%] Building CXX object CMakeFiles/fabric_core.dir{WORKTREE}/.deps/package/ReactCommon/react/renderer/animated/AnimatedModule.cpp.o
[ 71%] Building CXX object CMakeFiles/fabric_core.dir{WORKTREE}/.deps/package/ReactCommon/react/renderer/animated/MergedValueDispatcher.cpp.o
[ 71%] Building CXX object CMakeFiles/fabric_core.dir{WORKTREE}/.deps/package/ReactCommon/react/renderer/animated/NativeAnimatedNodesManager.cpp.o
[ 71%] Building CXX object CMakeFiles/fabric_core.dir{WORKTREE}/.deps/package/ReactCommon/react/renderer/animated/NativeAnimatedNodesManagerProvider.cpp.o
[ 72%] Building CXX object CMakeFiles/fabric_core.dir{WORKTREE}/.deps/package/ReactCommon/react/renderer/animated/drivers/AnimationDriver.cpp.o
[ 72%] Building CXX object CMakeFiles/fabric_core.dir{WORKTREE}/.deps/package/ReactCommon/react/renderer/animated/drivers/DecayAnimationDriver.cpp.o
[ 72%] Building CXX object CMakeFiles/fabric_core.dir{WORKTREE}/.deps/package/ReactCommon/react/renderer/animated/drivers/FrameAnimationDriver.cpp.o
[ 72%] Building CXX object CMakeFiles/fabric_core.dir{WORKTREE}/.deps/package/ReactCommon/react/renderer/animated/drivers/SpringAnimationDriver.cpp.o
[ 72%] Building CXX object CMakeFiles/fabric_core.dir{WORKTREE}/.deps/package/ReactCommon/react/renderer/animated/event_drivers/EventAnimationDriver.cpp.o
[ 73%] Building CXX object CMakeFiles/fabric_core.dir{WORKTREE}/.deps/package/ReactCommon/react/renderer/animated/internal/AnimatedMountingOverrideDelegate.cpp.o
[ 73%] Building CXX object CMakeFiles/fabric_core.dir{WORKTREE}/.deps/package/ReactCommon/react/renderer/animated/nodes/AdditionAnimatedNode.cpp.o
[ 73%] Building CXX object CMakeFiles/fabric_core.dir{WORKTREE}/.deps/package/ReactCommon/react/renderer/animated/nodes/AnimatedNode.cpp.o
[ 73%] Building CXX object CMakeFiles/fabric_core.dir{WORKTREE}/.deps/package/ReactCommon/react/renderer/animated/nodes/ColorAnimatedNode.cpp.o
[ 74%] Building CXX object CMakeFiles/fabric_core.dir{WORKTREE}/.deps/package/ReactCommon/react/renderer/animated/nodes/DiffClampAnimatedNode.cpp.o
[ 74%] Building CXX object CMakeFiles/fabric_core.dir{WORKTREE}/.deps/package/ReactCommon/react/renderer/animated/nodes/DivisionAnimatedNode.cpp.o
[ 74%] Building CXX object CMakeFiles/fabric_core.dir{WORKTREE}/.deps/package/ReactCommon/react/renderer/animated/nodes/InterpolationAnimatedNode.cpp.o
[ 74%] Building CXX object CMakeFiles/fabric_core.dir{WORKTREE}/.deps/package/ReactCommon/react/renderer/animated/nodes/ModulusAnimatedNode.cpp.o
[ 74%] Building CXX object CMakeFiles/fabric_core.dir{WORKTREE}/.deps/package/ReactCommon/react/renderer/animated/nodes/MultiplicationAnimatedNode.cpp.o
[ 75%] Building CXX object CMakeFiles/fabric_core.dir{WORKTREE}/.deps/package/ReactCommon/react/renderer/animated/nodes/ObjectAnimatedNode.cpp.o
[ 75%] Building CXX object CMakeFiles/fabric_core.dir{WORKTREE}/.deps/package/ReactCommon/react/renderer/animated/nodes/PropsAnimatedNode.cpp.o
[ 75%] Building CXX object CMakeFiles/fabric_core.dir{WORKTREE}/.deps/package/ReactCommon/react/renderer/animated/nodes/RoundAnimatedNode.cpp.o
[ 75%] Building CXX object CMakeFiles/fabric_core.dir{WORKTREE}/.deps/package/ReactCommon/react/renderer/animated/nodes/StyleAnimatedNode.cpp.o
[ 76%] Building CXX object CMakeFiles/fabric_core.dir{WORKTREE}/.deps/package/ReactCommon/react/renderer/animated/nodes/SubtractionAnimatedNode.cpp.o
[ 76%] Building CXX object CMakeFiles/fabric_core.dir{WORKTREE}/.deps/package/ReactCommon/react/renderer/animated/nodes/TrackingAnimatedNode.cpp.o
[ 76%] Building CXX object CMakeFiles/fabric_core.dir{WORKTREE}/.deps/package/ReactCommon/react/renderer/animated/nodes/TransformAnimatedNode.cpp.o
[ 76%] Building CXX object CMakeFiles/fabric_core.dir{WORKTREE}/.deps/package/ReactCommon/react/renderer/animated/nodes/ValueAnimatedNode.cpp.o
[ 76%] Building CXX object CMakeFiles/fabric_core.dir{WORKTREE}/.deps/package/ReactCommon/react/renderer/scheduler/Scheduler.cpp.o
[ 77%] Building CXX object CMakeFiles/fabric_core.dir{WORKTREE}/.deps/package/ReactCommon/react/renderer/scheduler/SurfaceHandler.cpp.o
[ 77%] Building CXX object CMakeFiles/fabric_core.dir{WORKTREE}/.deps/package/ReactCommon/react/renderer/scheduler/SurfaceManager.cpp.o
[ 77%] Building CXX object CMakeFiles/fabric_core.dir{WORKTREE}/.deps/package/ReactCommon/react/renderer/animations/LayoutAnimationDriver.cpp.o
[ 77%] Building CXX object CMakeFiles/fabric_core.dir{WORKTREE}/.deps/package/ReactCommon/react/renderer/animations/LayoutAnimationKeyFrameManager.cpp.o
[ 78%] Building CXX object CMakeFiles/fabric_core.dir{WORKTREE}/.deps/package/ReactCommon/react/renderer/animations/utils.cpp.o
[ 78%] Building CXX object CMakeFiles/fabric_core.dir/rn-pointer-overlay/react/renderer/uimanager/PointerEventsProcessor.cpp.o
[ 78%] Building CXX object CMakeFiles/fabric_core.dir/rn-pointer-overlay/react/renderer/uimanager/UIManagerBinding.cpp.o
[ 78%] Building CXX object CMakeFiles/fabric_core.dir{WORKTREE}/.deps/package/ReactCommon/react/renderer/mounting/internal/CullingContext.cpp.o
[ 78%] Building CXX object CMakeFiles/fabric_core.dir{WORKTREE}/.deps/package/ReactCommon/react/renderer/mounting/internal/sliceChildShadowNodeViewPairs.cpp.o
[ 79%] Building CXX object CMakeFiles/fabric_core.dir{WORKTREE}/.deps/package/ReactCommon/yoga/yoga/YGConfig.cpp.o
[ 79%] Building CXX object CMakeFiles/fabric_core.dir{WORKTREE}/.deps/package/ReactCommon/yoga/yoga/YGEnums.cpp.o
[ 79%] Building CXX object CMakeFiles/fabric_core.dir{WORKTREE}/.deps/package/ReactCommon/yoga/yoga/YGNode.cpp.o
[ 79%] Building CXX object CMakeFiles/fabric_core.dir{WORKTREE}/.deps/package/ReactCommon/yoga/yoga/YGNodeLayout.cpp.o
[ 80%] Building CXX object CMakeFiles/fabric_core.dir{WORKTREE}/.deps/package/ReactCommon/yoga/yoga/YGNodeStyle.cpp.o
[ 80%] Building CXX object CMakeFiles/fabric_core.dir{WORKTREE}/.deps/package/ReactCommon/yoga/yoga/YGPixelGrid.cpp.o
[ 80%] Building CXX object CMakeFiles/fabric_core.dir{WORKTREE}/.deps/package/ReactCommon/yoga/yoga/YGValue.cpp.o
[ 80%] Building CXX object CMakeFiles/fabric_core.dir{WORKTREE}/.deps/package/ReactCommon/yoga/yoga/algorithm/AbsoluteLayout.cpp.o
[ 80%] Building CXX object CMakeFiles/fabric_core.dir{WORKTREE}/.deps/package/ReactCommon/yoga/yoga/algorithm/Baseline.cpp.o
[ 81%] Building CXX object CMakeFiles/fabric_core.dir{WORKTREE}/.deps/package/ReactCommon/yoga/yoga/algorithm/Cache.cpp.o
[ 81%] Building CXX object CMakeFiles/fabric_core.dir{WORKTREE}/.deps/package/ReactCommon/yoga/yoga/algorithm/CalculateLayout.cpp.o
[ 81%] Building CXX object CMakeFiles/fabric_core.dir{WORKTREE}/.deps/package/ReactCommon/yoga/yoga/algorithm/FlexLine.cpp.o
[ 81%] Building CXX object CMakeFiles/fabric_core.dir{WORKTREE}/.deps/package/ReactCommon/yoga/yoga/algorithm/PixelGrid.cpp.o
[ 81%] Building CXX object CMakeFiles/fabric_core.dir{WORKTREE}/.deps/package/ReactCommon/yoga/yoga/config/Config.cpp.o
[ 82%] Building CXX object CMakeFiles/fabric_core.dir{WORKTREE}/.deps/package/ReactCommon/yoga/yoga/debug/AssertFatal.cpp.o
[ 82%] Building CXX object CMakeFiles/fabric_core.dir{WORKTREE}/.deps/package/ReactCommon/yoga/yoga/debug/Log.cpp.o
[ 82%] Building CXX object CMakeFiles/fabric_core.dir{WORKTREE}/.deps/package/ReactCommon/yoga/yoga/event/event.cpp.o
[ 82%] Building CXX object CMakeFiles/fabric_core.dir{WORKTREE}/.deps/package/ReactCommon/yoga/yoga/node/LayoutResults.cpp.o
[ 83%] Building CXX object CMakeFiles/fabric_core.dir{WORKTREE}/.deps/package/ReactCommon/yoga/yoga/node/Node.cpp.o
[ 83%] Building CXX object CMakeFiles/fabric_core.dir/text_platform/react/renderer/textlayoutmanager/TextLayoutManager.cpp.o
[ 83%] Building CXX object CMakeFiles/fabric_core.dir{WORKTREE}/.deps/package/ReactCommon/react/renderer/imagemanager/platform/cxx/react/renderer/imagemanager/ImageManager.cpp.o
[ 83%] Building CXX object CMakeFiles/fabric_core.dir{WORKTREE}/.deps/package/ReactCommon/react/renderer/components/modal/ModalHostViewShadowNode.cpp.o
[ 83%] Building CXX object CMakeFiles/fabric_core.dir{WORKTREE}/.deps/package/ReactCommon/react/renderer/components/modal/platform/cxx/ModalHostViewUtils.cpp.o
[ 84%] Building CXX object CMakeFiles/fabric_core.dir{WORKTREE}/.deps/package/React/FBReactNativeSpec/react/renderer/components/FBReactNativeSpec/Props.cpp.o
[ 84%] Building CXX object CMakeFiles/fabric_core.dir{WORKTREE}/.deps/package/React/FBReactNativeSpec/react/renderer/components/FBReactNativeSpec/EventEmitters.cpp.o
[ 84%] Building CXX object CMakeFiles/fabric_core.dir{WORKTREE}/.deps/package/React/FBReactNativeSpec/react/renderer/components/FBReactNativeSpec/ShadowNodes.cpp.o
[ 84%] Building CXX object CMakeFiles/fabric_core.dir{WORKTREE}/.deps/package/ReactCommon/jsinspector-modern/ConsoleTaskOrchestrator.cpp.o
[ 85%] Building CXX object CMakeFiles/fabric_core.dir{WORKTREE}/.deps/package/ReactCommon/jsinspector-modern/ConsoleTaskContext.cpp.o
[ 85%] Building CXX object CMakeFiles/fabric_core.dir{WORKTREE}/.deps/package/ReactCommon/jsinspector-modern/ConsoleTask.cpp.o
[ 85%] Building CXX object CMakeFiles/fabric_core.dir{WORKTREE}/.deps/package/ReactCommon/jsinspector-modern/network/HttpUtils.cpp.o
[ 85%] Building CXX object CMakeFiles/fabric_core.dir{WORKTREE}/.deps/package/ReactCommon/jsinspector-modern/network/CdpNetwork.cpp.o
[ 85%] Linking CXX static library libfabric_core.a
[ 85%] Built target fabric_core
[ 85%] Building CXX object CMakeFiles/pointer_processor_test.dir/pointer_processor_test.cpp.o
[ 85%] Building CXX object CMakeFiles/fabric_smoke.dir/smoke.cpp.o
[ 85%] Building CXX object CMakeFiles/pointer_projection_test.dir/pointer_projection_test.cpp.o
[ 86%] Building CXX object CMakeFiles/pointer_geometry_test.dir/pointer_geometry_test.cpp.o
[ 87%] Linking CXX executable fabric_smoke
[ 87%] Built target fabric_smoke
[ 88%] Building CXX object CMakeFiles/image_network_test.dir/image_network_test.cpp.o
[ 88%] Linking CXX executable pointer_geometry_test
[ 88%] Built target pointer_geometry_test
[ 89%] Building CXX object CMakeFiles/fabric_godot.dir/fabric_application.cpp.o
[ 89%] Linking CXX executable pointer_processor_test
[ 89%] Built target pointer_processor_test
[ 89%] Building CXX object CMakeFiles/image_network_test.dir/image_network.cpp.o
[ 90%] Linking CXX executable pointer_projection_test
[ 90%] Built target pointer_projection_test
[ 90%] Building CXX object CMakeFiles/fabric_godot.dir/application_runtime.cpp.o
[ 90%] Building CXX object CMakeFiles/fabric_godot.dir/fabric_surface.cpp.o
[ 90%] Linking CXX executable image_network_test
[ 90%] Built target image_network_test
[ 90%] Building CXX object CMakeFiles/fabric_godot.dir/text_layout.cpp.o
In file included from {WORKTREE}/native/application_runtime.cpp:8:
In file included from {WORKTREE}/native/godot_component.h:7:
{WORKTREE}/native/../.deps/package/ReactCommon/react/renderer/graphics/conversions.h:23:2: warning: "[DEPRECATION] `graphics/conversions.h` is deprecated and will be removed in the future.     If this warning appears due to a library, please open an issue in that library, and ask for an update.     Please, replace the `#include <react/renderer/graphics/conversions.h>` statements     with `#include <react/renderer/core/graphicsConversions.h>`." [-W#warnings]
   23 | #warning \
      |  ^
[ 91%] Building CXX object CMakeFiles/fabric_godot.dir/paragraph_layout.cpp.o
[ 91%] Building CXX object CMakeFiles/fabric_godot.dir/paragraph_view.cpp.o
[ 91%] Building CXX object CMakeFiles/fabric_godot.dir/switch_view.cpp.o
[ 91%] Building CXX object CMakeFiles/fabric_godot.dir/activity_indicator_view.cpp.o
[ 91%] Building CXX object CMakeFiles/fabric_godot.dir/accessible_view.cpp.o
[ 92%] Building CXX object CMakeFiles/fabric_godot.dir/image_view.cpp.o
[ 92%] Building CXX object CMakeFiles/fabric_godot.dir/image_effects.cpp.o
[ 92%] Building CXX object CMakeFiles/fabric_godot.dir/image_loader.cpp.o
[ 92%] Building CXX object CMakeFiles/fabric_godot.dir/image_network.cpp.o
[ 93%] Building CXX object CMakeFiles/fabric_godot.dir/image_sources.cpp.o
[ 93%] Building CXX object CMakeFiles/fabric_godot.dir/godot_image_manager.cpp.o
[ 93%] Building CXX object CMakeFiles/fabric_godot.dir/image_loader_module.cpp.o
1 warning generated.
[ 93%] Building CXX object CMakeFiles/fabric_godot.dir/input_adapter.cpp.o
[ 93%] Building CXX object CMakeFiles/fabric_godot.dir/pointer_adapter.cpp.o
[ 94%] Building CXX object CMakeFiles/fabric_godot.dir/pointer_geometry.cpp.o
[ 94%] Building CXX object CMakeFiles/fabric_godot.dir/physical_embedding.cpp.o
[ 94%] Building CXX object CMakeFiles/fabric_godot.dir/svg_node.cpp.o
[ 94%] Building CXX object CMakeFiles/fabric_godot.dir/scroll_adapter.cpp.o
[ 95%] Building CXX object CMakeFiles/fabric_godot.dir/appearance_adapter.cpp.o
[ 95%] Building CXX object CMakeFiles/fabric_godot.dir/transform_adapter.cpp.o
[ 95%] Building CXX object CMakeFiles/fabric_godot.dir/native_animated.cpp.o
In file included from {WORKTREE}/native/appearance_adapter.cpp:1:
In file included from {WORKTREE}/native/appearance_adapter.h:2:
In file included from {WORKTREE}/native/godot_component.h:7:
{WORKTREE}/native/../.deps/package/ReactCommon/react/renderer/graphics/conversions.h:23:2: warning: "[DEPRECATION] `graphics/conversions.h` is deprecated and will be removed in the future.     If this warning appears due to a library, please open an issue in that library, and ask for an update.     Please, replace the `#include <react/renderer/graphics/conversions.h>` statements     with `#include <react/renderer/core/graphicsConversions.h>`." [-W#warnings]
   23 | #warning \
      |  ^
[ 95%] Building CXX object CMakeFiles/fabric_godot.dir/turbo_module_registry.cpp.o
[ 95%] Building CXX object CMakeFiles/fabric_godot.dir/networking_modules.cpp.o
1 warning generated.
[ 96%] Building CXX object CMakeFiles/fabric_godot.dir/websocket_module.cpp.o
[ 96%] Building CXX object CMakeFiles/fabric_godot.dir/device_services.cpp.o
[ 96%] Building CXX object CMakeFiles/fabric_godot.dir/godot_device_backend.cpp.o
[ 96%] Building CXX object CMakeFiles/fabric_godot.dir/godot_http_transport.cpp.o
[ 97%] Building CXX object CMakeFiles/fabric_godot.dir/godot_websocket_transport.cpp.o
[ 97%] Building CXX object CMakeFiles/fabric_godot.dir/godot_websocket_connection.cpp.o
[ 97%] Building CXX object CMakeFiles/fabric_godot.dir/game_service_registry.cpp.o
[ 97%] Building CXX object CMakeFiles/fabric_godot.dir/godot_dom.cpp.o
[ 97%] Building CXX object CMakeFiles/fabric_godot.dir/adapter_registry.cpp.o
[ 98%] Building CXX object CMakeFiles/fabric_godot.dir/adapter_loader.cpp.o
[ 98%] Building CXX object CMakeFiles/fabric_godot.dir/modal_window_stack.cpp.o
In file included from {WORKTREE}/native/adapter_registry.cpp:2:
In file included from {WORKTREE}/native/godot_component.h:7:
{WORKTREE}/native/../.deps/package/ReactCommon/react/renderer/graphics/conversions.h:23:2: warning: "[DEPRECATION] `graphics/conversions.h` is deprecated and will be removed in the future.     If this warning appears due to a library, please open an issue in that library, and ask for an update.     Please, replace the `#include <react/renderer/graphics/conversions.h>` statements     with `#include <react/renderer/core/graphicsConversions.h>`." [-W#warnings]
   23 | #warning \
      |  ^
[ 98%] Building CXX object CMakeFiles/fabric_godot.dir/modal_presentation.cpp.o
[ 98%] Building CXX object CMakeFiles/fabric_godot.dir/register.cpp.o
[100%] Building CXX object CMakeFiles/fabric_godot.dir/accessibility_info.cpp.o
[100%] Building CXX object CMakeFiles/fabric_godot.dir/accessibility_announcer.cpp.o
In file included from {WORKTREE}/native/register.cpp:11:
In file included from {WORKTREE}/native/appearance_adapter.h:2:
In file included from {WORKTREE}/native/godot_component.h:7:
{WORKTREE}/native/../.deps/package/ReactCommon/react/renderer/graphics/conversions.h:23:2: warning: "[DEPRECATION] `graphics/conversions.h` is deprecated and will be removed in the future.     If this warning appears due to a library, please open an issue in that library, and ask for an update.     Please, replace the `#include <react/renderer/graphics/conversions.h>` statements     with `#include <react/renderer/core/graphicsConversions.h>`." [-W#warnings]
   23 | #warning \
      |  ^
1 warning generated.
[100%] Building CXX object CMakeFiles/fabric_godot.dir/layout_animation.cpp.o
1 warning generated.
[100%] Linking CXX shared library {WORKTREE}/addons/fabric_godot.dylib
{"command":"record","format":"godot-fabric.experimental-native-sdk-build/v1","target":{"architecture":"arm64","configuration":"Release","minimumOS":"13.0","platform":"macos"},"adapterLinked":false,"adapterLoaded":false,"runtimeExecuted":false,"runtimeIdentityVerified":false,"abiCertified":false}
[100%] Built target fabric_godot
