{WORKTREE}/build/macos-export-native-controls-ad9f0aa7-f7bb-4410-920d-3c3caa1535e4/symlink-parent-rpath.app/Contents/Frameworks/fabric_godot.dylib:
Load command 0
      cmd LC_SEGMENT_64
  cmdsize 792
  segname __TEXT
   vmaddr 0x0000000000000000
   vmsize 0x00000000004bc000
  fileoff 0
 filesize 4964352
  maxprot 0x00000005
 initprot 0x00000005
   nsects 9
    flags 0x0
Section
  sectname __text
   segname __TEXT
      addr 0x0000000000001d18
      size 0x000000000041cfd4
    offset 7448
     align 2^2 (4)
    reloff 0
    nreloc 0
     flags 0x80000400
 reserved1 0
 reserved2 0
Section
  sectname __stubs
   segname __TEXT
      addr 0x000000000041ecec
      size 0x0000000000000b7c
    offset 4320492
     align 2^2 (4)
    reloff 0
    nreloc 0
     flags 0x80000408
 reserved1 0 (index into indirect symbol table)
 reserved2 12 (size of stubs)
Section
  sectname __init_offsets
   segname __TEXT
      addr 0x000000000041f868
      size 0x0000000000000d84
    offset 4323432
     align 2^2 (4)
    reloff 0
    nreloc 0
     flags 0x00000016
 reserved1 0
 reserved2 0
Section
  sectname __gcc_except_tab
   segname __TEXT
      addr 0x00000000004205ec
      size 0x000000000002efdc
    offset 4326892
     align 2^2 (4)
    reloff 0
    nreloc 0
     flags 0x00000000
 reserved1 0
 reserved2 0
Section
  sectname __const
   segname __TEXT
      addr 0x000000000044f5d0
      size 0x0000000000035012
    offset 4519376
     align 2^4 (16)
    reloff 0
    nreloc 0
     flags 0x00000000
 reserved1 0
 reserved2 0
Section
  sectname __cstring
   segname __TEXT
      addr 0x00000000004845e8
      size 0x00000000000268a4
    offset 4736488
     align 2^3 (8)
    reloff 0
    nreloc 0
     flags 0x00000002
 reserved1 0
 reserved2 0
Section
  sectname __oslogstring
   segname __TEXT
      addr 0x00000000004aae8c
      size 0x000000000000001d
    offset 4894348
     align 2^0 (1)
    reloff 0
    nreloc 0
     flags 0x00000002
 reserved1 0
 reserved2 0
Section
  sectname __ustring
   segname __TEXT
      addr 0x00000000004aaeaa
      size 0x0000000000000002
    offset 4894378
     align 2^1 (2)
    reloff 0
    nreloc 0
     flags 0x00000000
 reserved1 0
 reserved2 0
Section
  sectname __unwind_info
   segname __TEXT
      addr 0x00000000004aaeac
      size 0x00000000000107f8
    offset 4894380
     align 2^2 (4)
    reloff 0
    nreloc 0
     flags 0x00000000
 reserved1 0
 reserved2 0
Load command 1
      cmd LC_SEGMENT_64
  cmdsize 232
  segname __DATA_CONST
   vmaddr 0x00000000004bc000
   vmsize 0x0000000000024000
  fileoff 4964352
 filesize 147456
  maxprot 0x00000003
 initprot 0x00000003
   nsects 2
    flags 0x10
Section
  sectname __got
   segname __DATA_CONST
      addr 0x00000000004bc000
      size 0x0000000000001fb8
    offset 4964352
     align 2^3 (8)
    reloff 0
    nreloc 0
     flags 0x00000006
 reserved1 245 (index into indirect symbol table)
 reserved2 0
Section
  sectname __const
   segname __DATA_CONST
      addr 0x00000000004bdfb8
      size 0x0000000000020b60
    offset 4972472
     align 2^3 (8)
    reloff 0
    nreloc 0
     flags 0x00000000
 reserved1 0
 reserved2 0
Load command 2
      cmd LC_SEGMENT_64
  cmdsize 552
  segname __DATA
   vmaddr 0x00000000004e0000
   vmsize 0x0000000000010000
  fileoff 5111808
 filesize 16384
  maxprot 0x00000003
 initprot 0x00000003
   nsects 6
    flags 0x0
Section
  sectname __data
   segname __DATA
      addr 0x00000000004e0000
      size 0x0000000000000bd0
    offset 5111808
     align 2^3 (8)
    reloff 0
    nreloc 0
     flags 0x00000000
 reserved1 0
 reserved2 0
Section
  sectname __thread_vars
   segname __DATA
      addr 0x00000000004e0bd0
      size 0x00000000000000f0
    offset 5114832
     align 2^3 (8)
    reloff 0
    nreloc 0
     flags 0x00000013
 reserved1 0
 reserved2 0
Section
  sectname __thread_data
   segname __DATA
      addr 0x00000000004e0cc0
      size 0x0000000000000028
    offset 5115072
     align 2^3 (8)
    reloff 0
    nreloc 0
     flags 0x00000011
 reserved1 0
 reserved2 0
Section
  sectname __thread_bss
   segname __DATA
      addr 0x00000000004e0ce8
      size 0x0000000000000038
    offset 0
     align 2^3 (8)
    reloff 0
    nreloc 0
     flags 0x00000012
 reserved1 0
 reserved2 0
Section
  sectname __bss
   segname __DATA
      addr 0x00000000004e0d20
      size 0x000000000000c8d0
    offset 0
     align 2^3 (8)
    reloff 0
    nreloc 0
     flags 0x00000001
 reserved1 0
 reserved2 0
Section
  sectname __common
   segname __DATA
      addr 0x00000000004ed5f0
      size 0x0000000000002990
    offset 0
     align 2^3 (8)
    reloff 0
    nreloc 0
     flags 0x00000001
 reserved1 0
 reserved2 0
Load command 3
      cmd LC_SEGMENT_64
  cmdsize 72
  segname __LINKEDIT
   vmaddr 0x00000000004f0000
   vmsize 0x0000000000180000
  fileoff 5128192
 filesize 1567600
  maxprot 0x00000001
 initprot 0x00000001
   nsects 0
    flags 0x0
Load command 4
          cmd LC_ID_DYLIB
      cmdsize 56
         name @rpath/fabric_godot.dylib (offset 24)
   time stamp 1 Wed Dec 31 21:00:01 1969
      current version 0.0.0
compatibility version 0.0.0
Load command 5
      cmd LC_DYLD_CHAINED_FIXUPS
  cmdsize 16
  dataoff 5128192
 datasize 209504
Load command 6
      cmd LC_DYLD_EXPORTS_TRIE
  cmdsize 16
  dataoff 5337696
 datasize 472848
Load command 7
     cmd LC_SYMTAB
 cmdsize 24
  symoff 5839720
   nsyms 9343
  stroff 5994248
 strsize 670240
Load command 8
            cmd LC_DYSYMTAB
        cmdsize 80
      ilocalsym 0
      nlocalsym 0
     iextdefsym 0
     nextdefsym 9025
      iundefsym 9025
      nundefsym 318
         tocoff 0
           ntoc 0
      modtaboff 0
        nmodtab 0
   extrefsymoff 0
    nextrefsyms 0
 indirectsymoff 5989208
  nindirectsyms 1260
      extreloff 0
        nextrel 0
      locreloff 0
        nlocrel 0
Load command 9
     cmd LC_UUID
 cmdsize 24
    uuid 3BC72C26-7924-3F39-9051-7E44B83F0A1A
Load command 10
      cmd LC_BUILD_VERSION
  cmdsize 32
 platform 1
    minos 13.0
      sdk 26.2
   ntools 1
     tool 3
  version 1230.1
Load command 11
      cmd LC_SOURCE_VERSION
  cmdsize 16
  version 0.0
Load command 12
          cmd LC_LOAD_DYLIB
      cmdsize 104
         name @rpath/ReactNativeDependencies.framework/Versions/A/ReactNativeDependencies (offset 24)
   time stamp 2 Wed Dec 31 21:00:02 1969
      current version 0.0.0
compatibility version 0.0.0
Load command 13
          cmd LC_LOAD_DYLIB
      cmdsize 72
         name @rpath/hermesvm.framework/Versions/1/hermesvm (offset 24)
   time stamp 2 Wed Dec 31 21:00:02 1969
      current version 1.0.0
compatibility version 1.0.0
Load command 14
          cmd LC_LOAD_DYLIB
      cmdsize 48
         name /usr/lib/libc++.1.dylib (offset 24)
   time stamp 2 Wed Dec 31 21:00:02 1969
      current version 2000.67.0
compatibility version 1.0.0
Load command 15
          cmd LC_LOAD_DYLIB
      cmdsize 56
         name /usr/lib/libSystem.B.dylib (offset 24)
   time stamp 2 Wed Dec 31 21:00:02 1969
      current version 1356.0.0
compatibility version 1.0.0
Load command 16
          cmd LC_RPATH
      cmdsize 40
         path @loader_path/frameworks (offset 12)
Load command 17
      cmd LC_FUNCTION_STARTS
  cmdsize 16
  dataoff 5810544
 datasize 29176
Load command 18
      cmd LC_DATA_IN_CODE
  cmdsize 16
  dataoff 5839720
 datasize 0
Load command 19
      cmd LC_CODE_SIGNATURE
  cmdsize 16
  dataoff 6664496
 datasize 31296
Load command 20
          cmd LC_RPATH
      cmdsize 48
         path @loader_path/external-search/.. (offset 12)
