{WORKTREE}/build/macos-export-native-controls-ad9f0aa7-f7bb-4410-920d-3c3caa1535e4/symlink-parent-rpath.app/Contents/MacOS/Godot Fabric Export 81954-1791552229977-b86fd3:
Load command 0
      cmd LC_SEGMENT_64
  cmdsize 72
  segname __PAGEZERO
   vmaddr 0x0000000000000000
   vmsize 0x0000000100000000
  fileoff 0
 filesize 0
  maxprot 0x00000000
 initprot 0x00000000
   nsects 0
    flags 0x0
Load command 1
      cmd LC_SEGMENT_64
  cmdsize 1192
  segname __TEXT
   vmaddr 0x0000000100000000
   vmsize 0x000000000490c000
  fileoff 0
 filesize 76595200
  maxprot 0x00000005
 initprot 0x00000005
   nsects 14
    flags 0x0
Section
  sectname __text
   segname __TEXT
      addr 0x0000000100004578
      size 0x0000000003f8c068
    offset 17784
     align 2^2 (4)
    reloff 0
    nreloc 0
     flags 0x80000400
 reserved1 0
 reserved2 0
Section
  sectname __stubs
   segname __TEXT
      addr 0x0000000103f905e0
      size 0x0000000000002a6c
    offset 66651616
     align 2^2 (4)
    reloff 0
    nreloc 0
     flags 0x80000408
 reserved1 0 (index into indirect symbol table)
 reserved2 12 (size of stubs)
Section
  sectname __stub_helper
   segname __TEXT
      addr 0x0000000103f9304c
      size 0x00000000000025d4
    offset 66662476
     align 2^2 (4)
    reloff 0
    nreloc 0
     flags 0x80000400
 reserved1 0
 reserved2 0
Section
  sectname __objc_methlist
   segname __TEXT
      addr 0x0000000103f95620
      size 0x0000000000000c70
    offset 66672160
     align 2^3 (8)
    reloff 0
    nreloc 0
     flags 0x00000000
 reserved1 0
 reserved2 0
Section
  sectname __const
   segname __TEXT
      addr 0x0000000103f96290
      size 0x000000000060a870
    offset 66675344
     align 2^4 (16)
    reloff 0
    nreloc 0
     flags 0x00000000
 reserved1 0
 reserved2 0
Section
  sectname __gcc_except_tab
   segname __TEXT
      addr 0x00000001045a0b00
      size 0x0000000000060bc8
    offset 73009920
     align 2^2 (4)
    reloff 0
    nreloc 0
     flags 0x00000000
 reserved1 0
 reserved2 0
Section
  sectname __cstring
   segname __TEXT
      addr 0x00000001046016c8
      size 0x00000000002cd735
    offset 73406152
     align 2^3 (8)
    reloff 0
    nreloc 0
     flags 0x00000002
 reserved1 0
 reserved2 0
Section
  sectname __objc_methname
   segname __TEXT
      addr 0x00000001048cedfd
      size 0x0000000000008a85
    offset 76344829
     align 2^0 (1)
    reloff 0
    nreloc 0
     flags 0x00000002
 reserved1 0
 reserved2 0
Section
  sectname __objc_classname
   segname __TEXT
      addr 0x00000001048d7882
      size 0x0000000000000295
    offset 76380290
     align 2^0 (1)
    reloff 0
    nreloc 0
     flags 0x00000002
 reserved1 0
 reserved2 0
Section
  sectname __objc_methtype
   segname __TEXT
      addr 0x00000001048d7b17
      size 0x0000000000002a68
    offset 76380951
     align 2^0 (1)
    reloff 0
    nreloc 0
     flags 0x00000002
 reserved1 0
 reserved2 0
Section
  sectname __oslogstring
   segname __TEXT
      addr 0x00000001048da57f
      size 0x0000000000000155
    offset 76391807
     align 2^0 (1)
    reloff 0
    nreloc 0
     flags 0x00000002
 reserved1 0
 reserved2 0
Section
  sectname __ustring
   segname __TEXT
      addr 0x00000001048da6d4
      size 0x0000000000000acc
    offset 76392148
     align 2^1 (2)
    reloff 0
    nreloc 0
     flags 0x00000000
 reserved1 0
 reserved2 0
Section
  sectname __unwind_info
   segname __TEXT
      addr 0x00000001048db1a0
      size 0x0000000000029cec
    offset 76394912
     align 2^2 (4)
    reloff 0
    nreloc 0
     flags 0x00000000
 reserved1 0
 reserved2 0
Section
  sectname __eh_frame
   segname __TEXT
      addr 0x0000000104904e90
      size 0x0000000000007170
    offset 76566160
     align 2^3 (8)
    reloff 0
    nreloc 0
     flags 0x00000000
 reserved1 0
 reserved2 0
Load command 2
      cmd LC_SEGMENT_64
  cmdsize 712
  segname __DATA_CONST
   vmaddr 0x000000010490c000
   vmsize 0x00000000001d8000
  fileoff 76595200
 filesize 1933312
  maxprot 0x00000003
 initprot 0x00000003
   nsects 8
    flags 0x10
Section
  sectname __got
   segname __DATA_CONST
      addr 0x000000010490c000
      size 0x0000000000001398
    offset 76595200
     align 2^3 (8)
    reloff 0
    nreloc 0
     flags 0x00000006
 reserved1 905 (index into indirect symbol table)
 reserved2 0
Section
  sectname __mod_init_func
   segname __DATA_CONST
      addr 0x000000010490d398
      size 0x0000000000005f00
    offset 76600216
     align 2^3 (8)
    reloff 0
    nreloc 0
     flags 0x00000009
 reserved1 0
 reserved2 0
Section
  sectname __const
   segname __DATA_CONST
      addr 0x00000001049132a0
      size 0x00000000001cb628
    offset 76624544
     align 2^4 (16)
    reloff 0
    nreloc 0
     flags 0x00000000
 reserved1 0
 reserved2 0
Section
  sectname __cfstring
   segname __DATA_CONST
      addr 0x0000000104ade8c8
      size 0x0000000000002c20
    offset 78506184
     align 2^3 (8)
    reloff 0
    nreloc 0
     flags 0x00000000
 reserved1 0
 reserved2 0
Section
  sectname __objc_classlist
   segname __DATA_CONST
      addr 0x0000000104ae14e8
      size 0x00000000000000a0
    offset 78517480
     align 2^3 (8)
    reloff 0
    nreloc 0
     flags 0x10000000
 reserved1 0
 reserved2 0
Section
  sectname __objc_catlist
   segname __DATA_CONST
      addr 0x0000000104ae1588
      size 0x0000000000000020
    offset 78517640
     align 2^3 (8)
    reloff 0
    nreloc 0
     flags 0x10000000
 reserved1 0
 reserved2 0
Section
  sectname __objc_protolist
   segname __DATA_CONST
      addr 0x0000000104ae15a8
      size 0x0000000000000070
    offset 78517672
     align 2^3 (8)
    reloff 0
    nreloc 0
     flags 0x00000000
 reserved1 0
 reserved2 0
Section
  sectname __objc_imageinfo
   segname __DATA_CONST
      addr 0x0000000104ae1618
      size 0x0000000000000008
    offset 78517784
     align 2^2 (4)
    reloff 0
    nreloc 0
     flags 0x00000000
 reserved1 0
 reserved2 0
Load command 3
      cmd LC_SEGMENT_64
  cmdsize 1192
  segname __DATA
   vmaddr 0x0000000104ae4000
   vmsize 0x00000000002ac000
  fileoff 78528512
 filesize 1245184
  maxprot 0x00000003
 initprot 0x00000003
   nsects 14
    flags 0x0
Section
  sectname __la_symbol_ptr
   segname __DATA
      addr 0x0000000104ae4000
      size 0x0000000000001c48
    offset 78528512
     align 2^3 (8)
    reloff 0
    nreloc 0
     flags 0x00000007
 reserved1 1532 (index into indirect symbol table)
 reserved2 0
Section
  sectname __objc_const
   segname __DATA
      addr 0x0000000104ae5c48
      size 0x0000000000005a80
    offset 78535752
     align 2^3 (8)
    reloff 0
    nreloc 0
     flags 0x00000000
 reserved1 0
 reserved2 0
Section
  sectname __objc_selrefs
   segname __DATA
      addr 0x0000000104aeb6c8
      size 0x00000000000026d8
    offset 78558920
     align 2^3 (8)
    reloff 0
    nreloc 0
     flags 0x10000005
 reserved1 0
 reserved2 0
Section
  sectname __objc_protorefs
   segname __DATA
      addr 0x0000000104aedda0
      size 0x0000000000000010
    offset 78568864
     align 2^3 (8)
    reloff 0
    nreloc 0
     flags 0x00000000
 reserved1 0
 reserved2 0
Section
  sectname __objc_classrefs
   segname __DATA
      addr 0x0000000104aeddb0
      size 0x00000000000003c8
    offset 78568880
     align 2^3 (8)
    reloff 0
    nreloc 0
     flags 0x10000000
 reserved1 0
 reserved2 0
Section
  sectname __objc_superrefs
   segname __DATA
      addr 0x0000000104aee178
      size 0x0000000000000098
    offset 78569848
     align 2^3 (8)
    reloff 0
    nreloc 0
     flags 0x10000000
 reserved1 0
 reserved2 0
Section
  sectname __objc_ivar
   segname __DATA
      addr 0x0000000104aee210
      size 0x0000000000000148
    offset 78570000
     align 2^2 (4)
    reloff 0
    nreloc 0
     flags 0x00000000
 reserved1 0
 reserved2 0
Section
  sectname __objc_data
   segname __DATA
      addr 0x0000000104aee358
      size 0x0000000000000640
    offset 78570328
     align 2^3 (8)
    reloff 0
    nreloc 0
     flags 0x00000000
 reserved1 0
 reserved2 0
Section
  sectname __data
   segname __DATA
      addr 0x0000000104aee998
      size 0x000000000011fa28
    offset 78571928
     align 2^3 (8)
    reloff 0
    nreloc 0
     flags 0x00000000
 reserved1 0
 reserved2 0
Section
  sectname __thread_vars
   segname __DATA
      addr 0x0000000104c0e3c0
      size 0x00000000000020d0
    offset 79750080
     align 2^3 (8)
    reloff 0
    nreloc 0
     flags 0x00000013
 reserved1 0
 reserved2 0
Section
  sectname __thread_data
   segname __DATA
      addr 0x0000000104c10490
      size 0x0000000000000108
    offset 79758480
     align 2^3 (8)
    reloff 0
    nreloc 0
     flags 0x00000011
 reserved1 0
 reserved2 0
Section
  sectname __thread_bss
   segname __DATA
      addr 0x0000000104c10598
      size 0x00000000000011ba
    offset 0
     align 2^3 (8)
    reloff 0
    nreloc 0
     flags 0x00000012
 reserved1 0
 reserved2 0
Section
  sectname __bss
   segname __DATA
      addr 0x0000000104c11760
      size 0x0000000000167ba0
    offset 0
     align 2^4 (16)
    reloff 0
    nreloc 0
     flags 0x00000001
 reserved1 0
 reserved2 0
Section
  sectname __common
   segname __DATA
      addr 0x0000000104d79300
      size 0x0000000000014e28
    offset 0
     align 2^4 (16)
    reloff 0
    nreloc 0
     flags 0x00000001
 reserved1 0
 reserved2 0
Load command 4
      cmd LC_SEGMENT_64
  cmdsize 72
  segname __LINKEDIT
   vmaddr 0x0000000104d90000
   vmsize 0x000000000028c000
  fileoff 79773696
 filesize 2665936
  maxprot 0x00000001
 initprot 0x00000001
   nsects 0
    flags 0x0
Load command 5
            cmd LC_DYLD_INFO_ONLY
        cmdsize 48
     rebase_off 79773696
    rebase_size 60648
       bind_off 79834344
      bind_size 29784
  weak_bind_off 79864128
 weak_bind_size 39960
  lazy_bind_off 79904088
 lazy_bind_size 24792
     export_off 79928880
    export_size 738712
Load command 6
     cmd LC_SYMTAB
 cmdsize 24
  symoff 81042224
   nsyms 17907
  stroff 81338488
 strsize 922184
Load command 7
            cmd LC_DYSYMTAB
        cmdsize 80
      ilocalsym 0
      nlocalsym 0
     iextdefsym 0
     nextdefsym 16659
      iundefsym 16659
      nundefsym 1248
         tocoff 0
           ntoc 0
      modtaboff 0
        nmodtab 0
   extrefsymoff 0
    nextrefsyms 0
 indirectsymoff 81328736
  nindirectsyms 2437
      extreloff 0
        nextrel 0
      locreloff 0
        nlocrel 0
Load command 8
          cmd LC_LOAD_DYLINKER
      cmdsize 32
         name /usr/lib/dyld (offset 12)
Load command 9
     cmd LC_UUID
 cmdsize 24
    uuid FD76BC91-DDFC-38C7-93F7-C0133539973C
Load command 10
      cmd LC_BUILD_VERSION
  cmdsize 40
 platform 1
    minos 11.0
      sdk 26.1
   ntools 2
     tool 3
  version 955.13
     tool 3
  version 711.0
Load command 11
      cmd LC_SOURCE_VERSION
  cmdsize 16
  version 0.0
Load command 12
       cmd LC_MAIN
   cmdsize 24
  entryoff 7598392
 stacksize 8388608
Load command 13
          cmd LC_LOAD_DYLIB
      cmdsize 104
         name /System/Library/Frameworks/ForceFeedback.framework/Versions/A/ForceFeedback (offset 24)
   time stamp 2 Wed Dec 31 21:00:02 1969
      current version 1.0.2
compatibility version 1.0.0
Load command 14
          cmd LC_LOAD_DYLIB
      cmdsize 88
         name /System/Library/Frameworks/Cocoa.framework/Versions/A/Cocoa (offset 24)
   time stamp 2 Wed Dec 31 21:00:02 1969
      current version 24.0.0
compatibility version 1.0.0
Load command 15
          cmd LC_LOAD_DYLIB
      cmdsize 88
         name /System/Library/Frameworks/Carbon.framework/Versions/A/Carbon (offset 24)
   time stamp 2 Wed Dec 31 21:00:02 1969
      current version 170.0.0
compatibility version 2.0.0
Load command 16
          cmd LC_LOAD_DYLIB
      cmdsize 96
         name /System/Library/Frameworks/AudioUnit.framework/Versions/A/AudioUnit (offset 24)
   time stamp 2 Wed Dec 31 21:00:02 1969
      current version 1.0.0
compatibility version 1.0.0
Load command 17
          cmd LC_LOAD_DYLIB
      cmdsize 96
         name /System/Library/Frameworks/CoreAudio.framework/Versions/A/CoreAudio (offset 24)
   time stamp 2 Wed Dec 31 21:00:02 1969
      current version 1.0.0
compatibility version 1.0.0
Load command 18
          cmd LC_LOAD_DYLIB
      cmdsize 96
         name /System/Library/Frameworks/CoreMIDI.framework/Versions/A/CoreMIDI (offset 24)
   time stamp 2 Wed Dec 31 21:00:02 1969
      current version 69.0.0
compatibility version 1.0.0
Load command 19
          cmd LC_LOAD_DYLIB
      cmdsize 88
         name /System/Library/Frameworks/IOKit.framework/Versions/A/IOKit (offset 24)
   time stamp 2 Wed Dec 31 21:00:02 1969
      current version 275.0.0
compatibility version 1.0.0
Load command 20
          cmd LC_LOAD_DYLIB
      cmdsize 104
         name /System/Library/Frameworks/GameController.framework/Versions/A/GameController (offset 24)
   time stamp 2 Wed Dec 31 21:00:02 1969
      current version 13.1.8
compatibility version 1.0.0
Load command 21
          cmd LC_LOAD_DYLIB
      cmdsize 96
         name /System/Library/Frameworks/CoreHaptics.framework/Versions/A/CoreHaptics (offset 24)
   time stamp 2 Wed Dec 31 21:00:02 1969
      current version 1.0.0
compatibility version 1.0.0
Load command 22
          cmd LC_LOAD_DYLIB
      cmdsize 96
         name /System/Library/Frameworks/CoreVideo.framework/Versions/A/CoreVideo (offset 24)
   time stamp 2 Wed Dec 31 21:00:02 1969
      current version 726.2.0
compatibility version 1.2.0
Load command 23
          cmd LC_LOAD_DYLIB
      cmdsize 104
         name /System/Library/Frameworks/AVFoundation.framework/Versions/A/AVFoundation (offset 24)
   time stamp 2 Wed Dec 31 21:00:02 1969
      current version 2.0.0
compatibility version 1.0.0
Load command 24
          cmd LC_LOAD_DYLIB
      cmdsize 96
         name /System/Library/Frameworks/CoreMedia.framework/Versions/A/CoreMedia (offset 24)
   time stamp 2 Wed Dec 31 21:00:02 1969
      current version 3285.11.5
compatibility version 1.0.0
Load command 25
          cmd LC_LOAD_DYLIB
      cmdsize 96
         name /System/Library/Frameworks/QuartzCore.framework/Versions/A/QuartzCore (offset 24)
   time stamp 2 Wed Dec 31 21:00:02 1969
      current version 1193.39.8
compatibility version 1.2.0
Load command 26
          cmd LC_LOAD_DYLIB
      cmdsize 96
         name /System/Library/Frameworks/Security.framework/Versions/A/Security (offset 24)
   time stamp 2 Wed Dec 31 21:00:02 1969
      current version 61901.40.77
compatibility version 1.0.0
Load command 27
          cmd LC_LOAD_DYLIB
      cmdsize 120
         name /System/Library/Frameworks/UniformTypeIdentifiers.framework/Versions/A/UniformTypeIdentifiers (offset 24)
   time stamp 2 Wed Dec 31 21:00:02 1969
      current version 709.0.0
compatibility version 1.0.0
Load command 28
          cmd LC_LOAD_DYLIB
      cmdsize 96
         name /System/Library/Frameworks/IOSurface.framework/Versions/A/IOSurface (offset 24)
   time stamp 2 Wed Dec 31 21:00:02 1969
      current version 1.0.0
compatibility version 1.0.0
Load command 29
          cmd LC_LOAD_DYLIB
      cmdsize 88
         name /System/Library/Frameworks/Metal.framework/Versions/A/Metal (offset 24)
   time stamp 2 Wed Dec 31 21:00:02 1969
      current version 370.63.7
compatibility version 1.0.0
Load command 30
          cmd LC_LOAD_DYLIB
      cmdsize 88
         name /System/Library/Frameworks/MetalFX.framework/Versions/A/MetalFX (offset 24)
   time stamp 2 Wed Dec 31 21:00:02 1969
      current version 1.0.0
compatibility version 1.0.0
Load command 31
          cmd LC_LOAD_DYLIB
      cmdsize 96
         name /System/Library/Frameworks/MetalKit.framework/Versions/A/MetalKit (offset 24)
   time stamp 2 Wed Dec 31 21:00:02 1969
      current version 172.5.0
compatibility version 1.0.0
Load command 32
          cmd LC_LOAD_DYLIB
      cmdsize 56
         name /usr/lib/libSystem.B.dylib (offset 24)
   time stamp 2 Wed Dec 31 21:00:02 1969
      current version 1356.0.0
compatibility version 1.0.0
Load command 33
          cmd LC_LOAD_DYLIB
      cmdsize 48
         name /usr/lib/libz.1.dylib (offset 24)
   time stamp 2 Wed Dec 31 21:00:02 1969
      current version 1.2.12
compatibility version 1.0.0
Load command 34
          cmd LC_LOAD_DYLIB
      cmdsize 48
         name /usr/lib/libc++.1.dylib (offset 24)
   time stamp 2 Wed Dec 31 21:00:02 1969
      current version 2000.63.0
compatibility version 1.0.0
Load command 35
          cmd LC_LOAD_DYLIB
      cmdsize 88
         name /System/Library/Frameworks/AppKit.framework/Versions/C/AppKit (offset 24)
   time stamp 2 Wed Dec 31 21:00:02 1969
      current version 2685.20.119
compatibility version 45.0.0
Load command 36
          cmd LC_LOAD_DYLIB
      cmdsize 112
         name /System/Library/Frameworks/ApplicationServices.framework/Versions/A/ApplicationServices (offset 24)
   time stamp 2 Wed Dec 31 21:00:02 1969
      current version 66.0.0
compatibility version 1.0.0
Load command 37
          cmd LC_LOAD_DYLIB
      cmdsize 104
         name /System/Library/Frameworks/CoreFoundation.framework/Versions/A/CoreFoundation (offset 24)
   time stamp 2 Wed Dec 31 21:00:02 1969
      current version 4109.1.255
compatibility version 150.0.0
Load command 38
          cmd LC_LOAD_DYLIB
      cmdsize 104
         name /System/Library/Frameworks/CoreGraphics.framework/Versions/A/CoreGraphics (offset 24)
   time stamp 2 Wed Dec 31 21:00:02 1969
      current version 1965.1.4
compatibility version 64.0.0
Load command 39
          cmd LC_LOAD_DYLIB
      cmdsize 104
         name /System/Library/Frameworks/CoreServices.framework/Versions/A/CoreServices (offset 24)
   time stamp 2 Wed Dec 31 21:00:02 1969
      current version 1226.0.0
compatibility version 1.0.0
Load command 40
          cmd LC_LOAD_DYLIB
      cmdsize 96
         name /System/Library/Frameworks/CoreText.framework/Versions/A/CoreText (offset 24)
   time stamp 2 Wed Dec 31 21:00:02 1969
      current version 877.1.0
compatibility version 1.0.0
Load command 41
          cmd LC_LOAD_DYLIB
      cmdsize 96
         name /System/Library/Frameworks/Foundation.framework/Versions/C/Foundation (offset 24)
   time stamp 2 Wed Dec 31 21:00:02 1969
      current version 4109.1.255
compatibility version 300.0.0
Load command 42
          cmd LC_LOAD_DYLIB
      cmdsize 56
         name /usr/lib/libobjc.A.dylib (offset 24)
   time stamp 2 Wed Dec 31 21:00:02 1969
      current version 228.0.0
compatibility version 1.0.0
Load command 43
          cmd LC_RPATH
      cmdsize 48
         path @executable_path/../Frameworks (offset 12)
Load command 44
          cmd LC_RPATH
      cmdsize 32
         path @executable_path (offset 12)
Load command 45
      cmd LC_FUNCTION_STARTS
  cmdsize 16
  dataoff 80667592
 datasize 374632
Load command 46
      cmd LC_DATA_IN_CODE
  cmdsize 16
  dataoff 81042224
 datasize 0
Load command 47
      cmd LC_CODE_SIGNATURE
  cmdsize 16
  dataoff 82260672
 datasize 178960
