TAP version 13
# Subtest: macOS export documents its required new-output contract without starting a build
ok 1 - macOS export documents its required new-output contract without starting a build
  ---
  duration_ms: 44.863542
  type: 'test'
  ...
# Subtest: macOS export requires an explicit template before provisioning
ok 2 - macOS export requires an explicit template before provisioning
  ---
  duration_ms: 47.909208
  type: 'test'
  ...
# Subtest: macOS export refuses existing and dangling-symlink destinations before provisioning
ok 3 - macOS export refuses existing and dangling-symlink destinations before provisioning
  ---
  duration_ms: 69.640292
  type: 'test'
  ...
# Subtest: committed consumer oracle preserves the exact 40/43 check names and capture order
ok 4 - committed consumer oracle preserves the exact 40/43 check names and capture order
  ---
  duration_ms: 0.601667
  type: 'test'
  ...
# Subtest: headed consumer capture requires the fixed physical image and matching logical RN metrics
ok 5 - headed consumer capture requires the fixed physical image and matching logical RN metrics
  ---
  duration_ms: 1.77625
  type: 'test'
  ...
# Subtest: load-path validation accepts app root and descendants but rejects parent and prefix siblings
ok 6 - load-path validation accepts app root and descendants but rejects parent and prefix siblings
  ---
  duration_ms: 0.463083
  type: 'test'
  ...
# Subtest: generic subprocesses allow diagnostic literals while Godot editor and runtime reject fatal output
ok 7 - generic subprocesses allow diagnostic literals while Godot editor and runtime reject fatal output
  ---
  duration_ms: 1062.984958
  type: 'test'
  ...
# Subtest: failed consumer outputs are retained byte-for-byte and missing outputs are allowed
ok 8 - failed consumer outputs are retained byte-for-byte and missing outputs are allowed
  ---
  duration_ms: 133.434583
  type: 'test'
  ...
# Subtest: failed consumer output retention rejects symlinks before copying anything
ok 9 - failed consumer output retention rejects symlinks before copying anything
  ---
  duration_ms: 51.859833
  type: 'test'
  ...
# Subtest: failed consumer output retention rejects a symlinked user-data directory
ok 10 - failed consumer output retention rejects a symlinked user-data directory
  ---
  duration_ms: 4.753417
  type: 'test'
  ...
# Subtest: failed consumer output retention refuses existing evidence destinations
ok 11 - failed consumer output retention refuses existing evidence destinations
  ---
  duration_ms: 6.358458
  type: 'test'
  ...
# Subtest: native macOS arm64 export and copied-app rejection controls
ok 12 - native macOS arm64 export and copied-app rejection controls # SKIP MACOS_EXPORT_TEMPLATE is unset; native export requires the reviewed Godot arm64 Release template
  ---
  duration_ms: 0.08325
  type: 'test'
  ...
1..12
# tests 12
# suites 0
# pass 11
# fail 0
# cancelled 0
# skipped 1
# todo 0
# duration_ms 1502.422792
